<?xml version="1.0"?>
<link_info>
   <banner>TI ARM Linker PC v16.9.6.LTS</banner>
   <copyright>Copyright (c) 1996-2017 Texas Instruments Incorporated</copyright>
   <link_time>0x5b328bb0</link_time>
   <link_errors>0x0</link_errors>
   <output_file>gpsDeneme.out</output_file>
   <entry_point>
      <name>_c_int00</name>
      <address>0x37a1</address>
   </entry_point>
   <input_file_list>
      <input_file id="fl-2">
         <path>.\</path>
         <kind>object</kind>
         <file>main.obj</file>
         <name>main.obj</name>
      </input_file>
      <input_file id="fl-3">
         <path>.\</path>
         <kind>object</kind>
         <file>tm4c123gh6pm_startup_ccs.obj</file>
         <name>tm4c123gh6pm_startup_ccs.obj</name>
      </input_file>
      <input_file id="fl-8">
         <kind>object</kind>
         <file>&lt;internal&gt;</file>
         <name>&lt;internal&gt;</name>
      </input_file>
      <input_file id="fl-be">
         <path>C:\ti\ccsv7\tools\compiler\ti-cgt-arm_16.9.6.LTS\lib\</path>
         <kind>archive</kind>
         <file>rtsv7M4_T_le_v4SPD16_eabi.lib</file>
         <name>atof.obj</name>
      </input_file>
      <input_file id="fl-bf">
         <path>C:\ti\ccsv7\tools\compiler\ti-cgt-arm_16.9.6.LTS\lib\</path>
         <kind>archive</kind>
         <file>rtsv7M4_T_le_v4SPD16_eabi.lib</file>
         <name>boot.obj</name>
      </input_file>
      <input_file id="fl-c0">
         <path>C:\ti\ccsv7\tools\compiler\ti-cgt-arm_16.9.6.LTS\lib\</path>
         <kind>archive</kind>
         <file>rtsv7M4_T_le_v4SPD16_eabi.lib</file>
         <name>copy_decompress_lzss.obj</name>
      </input_file>
      <input_file id="fl-c1">
         <path>C:\ti\ccsv7\tools\compiler\ti-cgt-arm_16.9.6.LTS\lib\</path>
         <kind>archive</kind>
         <file>rtsv7M4_T_le_v4SPD16_eabi.lib</file>
         <name>copy_decompress_none.obj</name>
      </input_file>
      <input_file id="fl-c2">
         <path>C:\ti\ccsv7\tools\compiler\ti-cgt-arm_16.9.6.LTS\lib\</path>
         <kind>archive</kind>
         <file>rtsv7M4_T_le_v4SPD16_eabi.lib</file>
         <name>copy_zero_init.obj</name>
      </input_file>
      <input_file id="fl-c3">
         <path>C:\ti\ccsv7\tools\compiler\ti-cgt-arm_16.9.6.LTS\lib\</path>
         <kind>archive</kind>
         <file>rtsv7M4_T_le_v4SPD16_eabi.lib</file>
         <name>exit.obj</name>
      </input_file>
      <input_file id="fl-c4">
         <path>C:\ti\ccsv7\tools\compiler\ti-cgt-arm_16.9.6.LTS\lib\</path>
         <kind>archive</kind>
         <file>rtsv7M4_T_le_v4SPD16_eabi.lib</file>
         <name>fd_add_t2.obj</name>
      </input_file>
      <input_file id="fl-c5">
         <path>C:\ti\ccsv7\tools\compiler\ti-cgt-arm_16.9.6.LTS\lib\</path>
         <kind>archive</kind>
         <file>rtsv7M4_T_le_v4SPD16_eabi.lib</file>
         <name>fd_div_t2.obj</name>
      </input_file>
      <input_file id="fl-c6">
         <path>C:\ti\ccsv7\tools\compiler\ti-cgt-arm_16.9.6.LTS\lib\</path>
         <kind>archive</kind>
         <file>rtsv7M4_T_le_v4SPD16_eabi.lib</file>
         <name>fd_toi_t2.obj</name>
      </input_file>
      <input_file id="fl-c7">
         <path>C:\ti\ccsv7\tools\compiler\ti-cgt-arm_16.9.6.LTS\lib\</path>
         <kind>archive</kind>
         <file>rtsv7M4_T_le_v4SPD16_eabi.lib</file>
         <name>i_tofd_t2.obj</name>
      </input_file>
      <input_file id="fl-c8">
         <path>C:\ti\ccsv7\tools\compiler\ti-cgt-arm_16.9.6.LTS\lib\</path>
         <kind>archive</kind>
         <file>rtsv7M4_T_le_v4SPD16_eabi.lib</file>
         <name>memcpy_t2.obj</name>
      </input_file>
      <input_file id="fl-c9">
         <path>C:\ti\ccsv7\tools\compiler\ti-cgt-arm_16.9.6.LTS\lib\</path>
         <kind>archive</kind>
         <file>rtsv7M4_T_le_v4SPD16_eabi.lib</file>
         <name>memset_t2.obj</name>
      </input_file>
      <input_file id="fl-ca">
         <path>C:\ti\ccsv7\tools\compiler\ti-cgt-arm_16.9.6.LTS\lib\</path>
         <kind>archive</kind>
         <file>rtsv7M4_T_le_v4SPD16_eabi.lib</file>
         <name>mpu_init.obj</name>
      </input_file>
      <input_file id="fl-cb">
         <path>C:\ti\ccsv7\tools\compiler\ti-cgt-arm_16.9.6.LTS\lib\</path>
         <kind>archive</kind>
         <file>rtsv7M4_T_le_v4SPD16_eabi.lib</file>
         <name>pre_init.obj</name>
      </input_file>
      <input_file id="fl-cc">
         <path>C:\ti\ccsv7\tools\compiler\ti-cgt-arm_16.9.6.LTS\lib\</path>
         <kind>archive</kind>
         <file>rtsv7M4_T_le_v4SPD16_eabi.lib</file>
         <name>printf.obj</name>
      </input_file>
      <input_file id="fl-cd">
         <path>C:\ti\ccsv7\tools\compiler\ti-cgt-arm_16.9.6.LTS\lib\</path>
         <kind>archive</kind>
         <file>rtsv7M4_T_le_v4SPD16_eabi.lib</file>
         <name>sprintf.obj</name>
      </input_file>
      <input_file id="fl-ce">
         <path>C:\ti\ccsv7\tools\compiler\ti-cgt-arm_16.9.6.LTS\lib\</path>
         <kind>archive</kind>
         <file>rtsv7M4_T_le_v4SPD16_eabi.lib</file>
         <name>stkdepth_vars.obj</name>
      </input_file>
      <input_file id="fl-cf">
         <path>C:\ti\ccsv7\tools\compiler\ti-cgt-arm_16.9.6.LTS\lib\</path>
         <kind>archive</kind>
         <file>rtsv7M4_T_le_v4SPD16_eabi.lib</file>
         <name>strcmp.obj</name>
      </input_file>
      <input_file id="fl-d0">
         <path>C:\ti\ccsv7\tools\compiler\ti-cgt-arm_16.9.6.LTS\lib\</path>
         <kind>archive</kind>
         <file>rtsv7M4_T_le_v4SPD16_eabi.lib</file>
         <name>strcpy.obj</name>
      </input_file>
      <input_file id="fl-d1">
         <path>C:\ti\ccsv7\tools\compiler\ti-cgt-arm_16.9.6.LTS\lib\</path>
         <kind>archive</kind>
         <file>rtsv7M4_T_le_v4SPD16_eabi.lib</file>
         <name>strtod.obj</name>
      </input_file>
      <input_file id="fl-d2">
         <path>C:\ti\ccsv7\tools\compiler\ti-cgt-arm_16.9.6.LTS\lib\</path>
         <kind>archive</kind>
         <file>rtsv7M4_T_le_v4SPD16_eabi.lib</file>
         <name>strtok.obj</name>
      </input_file>
      <input_file id="fl-d3">
         <path>C:\ti\ccsv7\tools\compiler\ti-cgt-arm_16.9.6.LTS\lib\</path>
         <kind>archive</kind>
         <file>rtsv7M4_T_le_v4SPD16_eabi.lib</file>
         <name>_lock.obj</name>
      </input_file>
      <input_file id="fl-d4">
         <path>C:\ti\ccsv7\tools\compiler\ti-cgt-arm_16.9.6.LTS\lib\</path>
         <kind>archive</kind>
         <file>rtsv7M4_T_le_v4SPD16_eabi.lib</file>
         <name>_printfi.obj</name>
      </input_file>
      <input_file id="fl-d5">
         <path>C:\ti\ccsv7\tools\compiler\ti-cgt-arm_16.9.6.LTS\lib\</path>
         <kind>archive</kind>
         <file>rtsv7M4_T_le_v4SPD16_eabi.lib</file>
         <name>args_main.obj</name>
      </input_file>
      <input_file id="fl-d6">
         <path>C:\ti\ccsv7\tools\compiler\ti-cgt-arm_16.9.6.LTS\lib\</path>
         <kind>archive</kind>
         <file>rtsv7M4_T_le_v4SPD16_eabi.lib</file>
         <name>atoi.obj</name>
      </input_file>
      <input_file id="fl-d7">
         <path>C:\ti\ccsv7\tools\compiler\ti-cgt-arm_16.9.6.LTS\lib\</path>
         <kind>archive</kind>
         <file>rtsv7M4_T_le_v4SPD16_eabi.lib</file>
         <name>autoinit.obj</name>
      </input_file>
      <input_file id="fl-d8">
         <path>C:\ti\ccsv7\tools\compiler\ti-cgt-arm_16.9.6.LTS\lib\</path>
         <kind>archive</kind>
         <file>rtsv7M4_T_le_v4SPD16_eabi.lib</file>
         <name>cpy_tbl.obj</name>
      </input_file>
      <input_file id="fl-d9">
         <path>C:\ti\ccsv7\tools\compiler\ti-cgt-arm_16.9.6.LTS\lib\</path>
         <kind>archive</kind>
         <file>rtsv7M4_T_le_v4SPD16_eabi.lib</file>
         <name>ctype.obj</name>
      </input_file>
      <input_file id="fl-da">
         <path>C:\ti\ccsv7\tools\compiler\ti-cgt-arm_16.9.6.LTS\lib\</path>
         <kind>archive</kind>
         <file>rtsv7M4_T_le_v4SPD16_eabi.lib</file>
         <name>defs.obj</name>
      </input_file>
      <input_file id="fl-db">
         <path>C:\ti\ccsv7\tools\compiler\ti-cgt-arm_16.9.6.LTS\lib\</path>
         <kind>archive</kind>
         <file>rtsv7M4_T_le_v4SPD16_eabi.lib</file>
         <name>errno.obj</name>
      </input_file>
      <input_file id="fl-dc">
         <path>C:\ti\ccsv7\tools\compiler\ti-cgt-arm_16.9.6.LTS\lib\</path>
         <kind>archive</kind>
         <file>rtsv7M4_T_le_v4SPD16_eabi.lib</file>
         <name>fd_cmp_t2.obj</name>
      </input_file>
      <input_file id="fl-dd">
         <path>C:\ti\ccsv7\tools\compiler\ti-cgt-arm_16.9.6.LTS\lib\</path>
         <kind>archive</kind>
         <file>rtsv7M4_T_le_v4SPD16_eabi.lib</file>
         <name>fd_mul_t2.obj</name>
      </input_file>
      <input_file id="fl-de">
         <path>C:\ti\ccsv7\tools\compiler\ti-cgt-arm_16.9.6.LTS\lib\</path>
         <kind>archive</kind>
         <file>rtsv7M4_T_le_v4SPD16_eabi.lib</file>
         <name>fputc.obj</name>
      </input_file>
      <input_file id="fl-df">
         <path>C:\ti\ccsv7\tools\compiler\ti-cgt-arm_16.9.6.LTS\lib\</path>
         <kind>archive</kind>
         <file>rtsv7M4_T_le_v4SPD16_eabi.lib</file>
         <name>fputs.obj</name>
      </input_file>
      <input_file id="fl-e0">
         <path>C:\ti\ccsv7\tools\compiler\ti-cgt-arm_16.9.6.LTS\lib\</path>
         <kind>archive</kind>
         <file>rtsv7M4_T_le_v4SPD16_eabi.lib</file>
         <name>ltoa.obj</name>
      </input_file>
      <input_file id="fl-e1">
         <path>C:\ti\ccsv7\tools\compiler\ti-cgt-arm_16.9.6.LTS\lib\</path>
         <kind>archive</kind>
         <file>rtsv7M4_T_le_v4SPD16_eabi.lib</file>
         <name>memccpy.obj</name>
      </input_file>
      <input_file id="fl-e2">
         <path>C:\ti\ccsv7\tools\compiler\ti-cgt-arm_16.9.6.LTS\lib\</path>
         <kind>archive</kind>
         <file>rtsv7M4_T_le_v4SPD16_eabi.lib</file>
         <name>memchr.obj</name>
      </input_file>
      <input_file id="fl-e3">
         <path>C:\ti\ccsv7\tools\compiler\ti-cgt-arm_16.9.6.LTS\lib\</path>
         <kind>archive</kind>
         <file>rtsv7M4_T_le_v4SPD16_eabi.lib</file>
         <name>s_frexp.obj</name>
      </input_file>
      <input_file id="fl-e4">
         <path>C:\ti\ccsv7\tools\compiler\ti-cgt-arm_16.9.6.LTS\lib\</path>
         <kind>archive</kind>
         <file>rtsv7M4_T_le_v4SPD16_eabi.lib</file>
         <name>s_scalbn.obj</name>
      </input_file>
      <input_file id="fl-e5">
         <path>C:\ti\ccsv7\tools\compiler\ti-cgt-arm_16.9.6.LTS\lib\</path>
         <kind>archive</kind>
         <file>rtsv7M4_T_le_v4SPD16_eabi.lib</file>
         <name>startup.obj</name>
      </input_file>
      <input_file id="fl-e6">
         <path>C:\ti\ccsv7\tools\compiler\ti-cgt-arm_16.9.6.LTS\lib\</path>
         <kind>archive</kind>
         <file>rtsv7M4_T_le_v4SPD16_eabi.lib</file>
         <name>strchr.obj</name>
      </input_file>
      <input_file id="fl-e7">
         <path>C:\ti\ccsv7\tools\compiler\ti-cgt-arm_16.9.6.LTS\lib\</path>
         <kind>archive</kind>
         <file>rtsv7M4_T_le_v4SPD16_eabi.lib</file>
         <name>strcspn.obj</name>
      </input_file>
      <input_file id="fl-e8">
         <path>C:\ti\ccsv7\tools\compiler\ti-cgt-arm_16.9.6.LTS\lib\</path>
         <kind>archive</kind>
         <file>rtsv7M4_T_le_v4SPD16_eabi.lib</file>
         <name>strlen.obj</name>
      </input_file>
      <input_file id="fl-e9">
         <path>C:\ti\ccsv7\tools\compiler\ti-cgt-arm_16.9.6.LTS\lib\</path>
         <kind>archive</kind>
         <file>rtsv7M4_T_le_v4SPD16_eabi.lib</file>
         <name>strspn.obj</name>
      </input_file>
      <input_file id="fl-ea">
         <path>C:\ti\ccsv7\tools\compiler\ti-cgt-arm_16.9.6.LTS\lib\</path>
         <kind>archive</kind>
         <file>rtsv7M4_T_le_v4SPD16_eabi.lib</file>
         <name>ull_div_t2.obj</name>
      </input_file>
      <input_file id="fl-eb">
         <path>C:\ti\ccsv7\tools\compiler\ti-cgt-arm_16.9.6.LTS\lib\</path>
         <kind>archive</kind>
         <file>rtsv7M4_T_le_v4SPD16_eabi.lib</file>
         <name>write.obj</name>
      </input_file>
      <input_file id="fl-ec">
         <path>C:\ti\ccsv7\tools\compiler\ti-cgt-arm_16.9.6.LTS\lib\</path>
         <kind>archive</kind>
         <file>rtsv7M4_T_le_v4SPD16_eabi.lib</file>
         <name>_io_perm.obj</name>
      </input_file>
      <input_file id="fl-ed">
         <path>C:\ti\ccsv7\tools\compiler\ti-cgt-arm_16.9.6.LTS\lib\</path>
         <kind>archive</kind>
         <file>rtsv7M4_T_le_v4SPD16_eabi.lib</file>
         <name>fflush.obj</name>
      </input_file>
      <input_file id="fl-ee">
         <path>C:\ti\ccsv7\tools\compiler\ti-cgt-arm_16.9.6.LTS\lib\</path>
         <kind>archive</kind>
         <file>rtsv7M4_T_le_v4SPD16_eabi.lib</file>
         <name>fseek.obj</name>
      </input_file>
      <input_file id="fl-ef">
         <path>C:\ti\ccsv7\tools\compiler\ti-cgt-arm_16.9.6.LTS\lib\</path>
         <kind>archive</kind>
         <file>rtsv7M4_T_le_v4SPD16_eabi.lib</file>
         <name>hostclose.obj</name>
      </input_file>
      <input_file id="fl-f0">
         <path>C:\ti\ccsv7\tools\compiler\ti-cgt-arm_16.9.6.LTS\lib\</path>
         <kind>archive</kind>
         <file>rtsv7M4_T_le_v4SPD16_eabi.lib</file>
         <name>hostlseek.obj</name>
      </input_file>
      <input_file id="fl-f1">
         <path>C:\ti\ccsv7\tools\compiler\ti-cgt-arm_16.9.6.LTS\lib\</path>
         <kind>archive</kind>
         <file>rtsv7M4_T_le_v4SPD16_eabi.lib</file>
         <name>hostopen.obj</name>
      </input_file>
      <input_file id="fl-f2">
         <path>C:\ti\ccsv7\tools\compiler\ti-cgt-arm_16.9.6.LTS\lib\</path>
         <kind>archive</kind>
         <file>rtsv7M4_T_le_v4SPD16_eabi.lib</file>
         <name>hostread.obj</name>
      </input_file>
      <input_file id="fl-f3">
         <path>C:\ti\ccsv7\tools\compiler\ti-cgt-arm_16.9.6.LTS\lib\</path>
         <kind>archive</kind>
         <file>rtsv7M4_T_le_v4SPD16_eabi.lib</file>
         <name>hostrename.obj</name>
      </input_file>
      <input_file id="fl-f4">
         <path>C:\ti\ccsv7\tools\compiler\ti-cgt-arm_16.9.6.LTS\lib\</path>
         <kind>archive</kind>
         <file>rtsv7M4_T_le_v4SPD16_eabi.lib</file>
         <name>hostunlink.obj</name>
      </input_file>
      <input_file id="fl-f5">
         <path>C:\ti\ccsv7\tools\compiler\ti-cgt-arm_16.9.6.LTS\lib\</path>
         <kind>archive</kind>
         <file>rtsv7M4_T_le_v4SPD16_eabi.lib</file>
         <name>hostwrite.obj</name>
      </input_file>
      <input_file id="fl-f6">
         <path>C:\ti\ccsv7\tools\compiler\ti-cgt-arm_16.9.6.LTS\lib\</path>
         <kind>archive</kind>
         <file>rtsv7M4_T_le_v4SPD16_eabi.lib</file>
         <name>lseek.obj</name>
      </input_file>
      <input_file id="fl-f7">
         <path>C:\ti\ccsv7\tools\compiler\ti-cgt-arm_16.9.6.LTS\lib\</path>
         <kind>archive</kind>
         <file>rtsv7M4_T_le_v4SPD16_eabi.lib</file>
         <name>s_copysign.obj</name>
      </input_file>
      <input_file id="fl-f8">
         <path>C:\ti\ccsv7\tools\compiler\ti-cgt-arm_16.9.6.LTS\lib\</path>
         <kind>archive</kind>
         <file>rtsv7M4_T_le_v4SPD16_eabi.lib</file>
         <name>setvbuf.obj</name>
      </input_file>
      <input_file id="fl-f9">
         <path>C:\ti\ccsv7\tools\compiler\ti-cgt-arm_16.9.6.LTS\lib\</path>
         <kind>archive</kind>
         <file>rtsv7M4_T_le_v4SPD16_eabi.lib</file>
         <name>trgmsg.obj</name>
      </input_file>
      <input_file id="fl-fa">
         <path>C:\ti\ccsv7\tools\compiler\ti-cgt-arm_16.9.6.LTS\lib\</path>
         <kind>archive</kind>
         <file>rtsv7M4_T_le_v4SPD16_eabi.lib</file>
         <name>fopen.obj</name>
      </input_file>
      <input_file id="fl-fb">
         <path>C:\ti\ccsv7\tools\compiler\ti-cgt-arm_16.9.6.LTS\lib\</path>
         <kind>archive</kind>
         <file>rtsv7M4_T_le_v4SPD16_eabi.lib</file>
         <name>memory.obj</name>
      </input_file>
      <input_file id="fl-fc">
         <path>C:\ti\ccsv7\tools\compiler\ti-cgt-arm_16.9.6.LTS\lib\</path>
         <kind>archive</kind>
         <file>rtsv7M4_T_le_v4SPD16_eabi.lib</file>
         <name>open.obj</name>
      </input_file>
      <input_file id="fl-fd">
         <path>C:\ti\ccsv7\tools\compiler\ti-cgt-arm_16.9.6.LTS\lib\</path>
         <kind>archive</kind>
         <file>rtsv7M4_T_le_v4SPD16_eabi.lib</file>
         <name>fclose.obj</name>
      </input_file>
      <input_file id="fl-fe">
         <path>C:\ti\ccsv7\tools\compiler\ti-cgt-arm_16.9.6.LTS\lib\</path>
         <kind>archive</kind>
         <file>rtsv7M4_T_le_v4SPD16_eabi.lib</file>
         <name>getdevice.obj</name>
      </input_file>
      <input_file id="fl-ff">
         <path>C:\ti\ccsv7\tools\compiler\ti-cgt-arm_16.9.6.LTS\lib\</path>
         <kind>archive</kind>
         <file>rtsv7M4_T_le_v4SPD16_eabi.lib</file>
         <name>remove.obj</name>
      </input_file>
      <input_file id="fl-100">
         <path>C:\ti\ccsv7\tools\compiler\ti-cgt-arm_16.9.6.LTS\lib\</path>
         <kind>archive</kind>
         <file>rtsv7M4_T_le_v4SPD16_eabi.lib</file>
         <name>strncpy.obj</name>
      </input_file>
      <input_file id="fl-101">
         <path>C:\ti\ccsv7\tools\compiler\ti-cgt-arm_16.9.6.LTS\lib\</path>
         <kind>archive</kind>
         <file>rtsv7M4_T_le_v4SPD16_eabi.lib</file>
         <name>unlink.obj</name>
      </input_file>
      <input_file id="fl-102">
         <path>C:\ti\ccsv7\tools\compiler\ti-cgt-arm_16.9.6.LTS\lib\</path>
         <kind>archive</kind>
         <file>rtsv7M4_T_le_v4SPD16_eabi.lib</file>
         <name>close.obj</name>
      </input_file>
      <input_file id="fl-103">
         <path>C:\ti\TivaWare_C_Series-2.1.4.178\driverlib\ccs\Debug\</path>
         <kind>archive</kind>
         <file>driverlib.lib</file>
         <name>gpio.obj</name>
      </input_file>
      <input_file id="fl-104">
         <path>C:\ti\TivaWare_C_Series-2.1.4.178\driverlib\ccs\Debug\</path>
         <kind>archive</kind>
         <file>driverlib.lib</file>
         <name>interrupt.obj</name>
      </input_file>
      <input_file id="fl-105">
         <path>C:\ti\TivaWare_C_Series-2.1.4.178\driverlib\ccs\Debug\</path>
         <kind>archive</kind>
         <file>driverlib.lib</file>
         <name>sysctl.obj</name>
      </input_file>
      <input_file id="fl-106">
         <path>C:\ti\TivaWare_C_Series-2.1.4.178\driverlib\ccs\Debug\</path>
         <kind>archive</kind>
         <file>driverlib.lib</file>
         <name>uart.obj</name>
      </input_file>
      <input_file id="fl-107">
         <path>C:\ti\TivaWare_C_Series-2.1.4.178\driverlib\ccs\Debug\</path>
         <kind>archive</kind>
         <file>driverlib.lib</file>
         <name>cpu.obj</name>
      </input_file>
   </input_file_list>
   <object_component_list>
      <object_component id="oc-f">
         <name>.intvecs</name>
         <load_address>0x0</load_address>
         <run_address>0x0</run_address>
         <size>0x26c</size>
         <input_file_ref idref="fl-3"/>
      </object_component>
      <object_component id="oc-1bd">
         <name>.text</name>
         <load_address>0x26c</load_address>
         <run_address>0x26c</run_address>
         <size>0x113e</size>
         <input_file_ref idref="fl-d4"/>
      </object_component>
      <object_component id="oc-5a">
         <name>.text</name>
         <load_address>0x13aa</load_address>
         <run_address>0x13aa</run_address>
         <size>0x2</size>
         <input_file_ref idref="fl-ca"/>
      </object_component>
      <object_component id="oc-ae">
         <name>.text</name>
         <load_address>0x13ac</load_address>
         <run_address>0x13ac</run_address>
         <size>0x4fc</size>
         <input_file_ref idref="fl-2"/>
      </object_component>
      <object_component id="oc-2f0">
         <name>.text</name>
         <load_address>0x18a8</load_address>
         <run_address>0x18a8</run_address>
         <size>0x3d0</size>
         <input_file_ref idref="fl-fb"/>
      </object_component>
      <object_component id="oc-1b1">
         <name>.text</name>
         <load_address>0x1c78</load_address>
         <run_address>0x1c78</run_address>
         <size>0x23c</size>
         <input_file_ref idref="fl-d1"/>
      </object_component>
      <object_component id="oc-218">
         <name>.text</name>
         <load_address>0x1eb4</load_address>
         <run_address>0x1eb4</run_address>
         <size>0x1f4</size>
         <input_file_ref idref="fl-ea"/>
      </object_component>
      <object_component id="oc-2f6">
         <name>.text</name>
         <load_address>0x20a8</load_address>
         <run_address>0x20a8</run_address>
         <size>0x1c4</size>
         <input_file_ref idref="fl-fa"/>
      </object_component>
      <object_component id="oc-140">
         <name>.text</name>
         <load_address>0x226c</load_address>
         <run_address>0x226c</run_address>
         <size>0x1b6</size>
         <input_file_ref idref="fl-c4"/>
      </object_component>
      <object_component id="oc-131">
         <name>.text</name>
         <load_address>0x2422</load_address>
         <run_address>0x2422</run_address>
         <size>0x136</size>
         <input_file_ref idref="fl-c5"/>
      </object_component>
      <object_component id="oc-1d2">
         <name>.text</name>
         <load_address>0x2558</load_address>
         <run_address>0x2558</run_address>
         <size>0x134</size>
         <input_file_ref idref="fl-df"/>
      </object_component>
      <object_component id="oc-186">
         <name>.text:GPIOPadConfigSet</name>
         <load_address>0x268c</load_address>
         <run_address>0x268c</run_address>
         <size>0x132</size>
         <input_file_ref idref="fl-103"/>
      </object_component>
      <object_component id="oc-a6">
         <name>.text</name>
         <load_address>0x27be</load_address>
         <run_address>0x27be</run_address>
         <size>0x2</size>
         <input_file_ref idref="fl-e5"/>
      </object_component>
      <object_component id="oc-fb">
         <name>.text:SysCtlClockGet</name>
         <load_address>0x27c0</load_address>
         <run_address>0x27c0</run_address>
         <size>0x110</size>
         <input_file_ref idref="fl-105"/>
      </object_component>
      <object_component id="oc-200">
         <name>.text</name>
         <load_address>0x28d0</load_address>
         <run_address>0x28d0</run_address>
         <size>0xfc</size>
         <input_file_ref idref="fl-dd"/>
      </object_component>
      <object_component id="oc-234">
         <name>.text</name>
         <load_address>0x29cc</load_address>
         <run_address>0x29cc</run_address>
         <size>0xfc</size>
         <input_file_ref idref="fl-e4"/>
      </object_component>
      <object_component id="oc-e3">
         <name>.text:SysCtlClockSet</name>
         <load_address>0x2ac8</load_address>
         <run_address>0x2ac8</run_address>
         <size>0xf4</size>
         <input_file_ref idref="fl-105"/>
      </object_component>
      <object_component id="oc-2bd">
         <name>.text</name>
         <load_address>0x2bbc</load_address>
         <run_address>0x2bbc</run_address>
         <size>0xdc</size>
         <input_file_ref idref="fl-f8"/>
      </object_component>
      <object_component id="oc-265">
         <name>.text</name>
         <load_address>0x2c98</load_address>
         <run_address>0x2c98</run_address>
         <size>0xc8</size>
         <input_file_ref idref="fl-ed"/>
      </object_component>
      <object_component id="oc-324">
         <name>.text</name>
         <load_address>0x2d60</load_address>
         <run_address>0x2d60</run_address>
         <size>0xbc</size>
         <input_file_ref idref="fl-fc"/>
      </object_component>
      <object_component id="oc-25f">
         <name>.text</name>
         <load_address>0x2e1c</load_address>
         <run_address>0x2e1c</run_address>
         <size>0xac</size>
         <input_file_ref idref="fl-ec"/>
      </object_component>
      <object_component id="oc-42">
         <name>.text</name>
         <load_address>0x2ec8</load_address>
         <run_address>0x2ec8</run_address>
         <size>0x9c</size>
         <input_file_ref idref="fl-c8"/>
      </object_component>
      <object_component id="oc-32a">
         <name>.text</name>
         <load_address>0x2f64</load_address>
         <run_address>0x2f64</run_address>
         <size>0x98</size>
         <input_file_ref idref="fl-fd"/>
      </object_component>
      <object_component id="oc-1cc">
         <name>.text</name>
         <load_address>0x2ffc</load_address>
         <run_address>0x2ffc</run_address>
         <size>0x98</size>
         <input_file_ref idref="fl-de"/>
      </object_component>
      <object_component id="oc-205">
         <name>.text:__aeabi_cdcmple</name>
         <load_address>0x3094</load_address>
         <run_address>0x3094</run_address>
         <size>0x86</size>
         <input_file_ref idref="fl-dc"/>
      </object_component>
      <object_component id="oc-223">
         <name>.text:__aeabi_cdrcmple</name>
         <load_address>0x311a</load_address>
         <run_address>0x311a</run_address>
         <size>0x86</size>
         <input_file_ref idref="fl-dc"/>
      </object_component>
      <object_component id="oc-4e">
         <name>.text</name>
         <load_address>0x31a0</load_address>
         <run_address>0x31a0</run_address>
         <size>0x7a</size>
         <input_file_ref idref="fl-c9"/>
      </object_component>
      <object_component id="oc-66">
         <name>.text</name>
         <load_address>0x321c</load_address>
         <run_address>0x321c</run_address>
         <size>0x70</size>
         <input_file_ref idref="fl-d7"/>
      </object_component>
      <object_component id="oc-365">
         <name>.text</name>
         <load_address>0x328c</load_address>
         <run_address>0x328c</run_address>
         <size>0x70</size>
         <input_file_ref idref="fl-fe"/>
      </object_component>
      <object_component id="oc-14e">
         <name>.text</name>
         <load_address>0x32fc</load_address>
         <run_address>0x32fc</run_address>
         <size>0x70</size>
         <input_file_ref idref="fl-cc"/>
      </object_component>
      <object_component id="oc-12">
         <name>.text:decompress:lzss</name>
         <load_address>0x336c</load_address>
         <run_address>0x336c</run_address>
         <size>0x68</size>
         <input_file_ref idref="fl-c0"/>
      </object_component>
      <object_component id="oc-34d">
         <name>.text</name>
         <load_address>0x33d4</load_address>
         <run_address>0x33d4</run_address>
         <size>0x68</size>
         <input_file_ref idref="fl-f0"/>
      </object_component>
      <object_component id="oc-359">
         <name>.text</name>
         <load_address>0x343c</load_address>
         <run_address>0x343c</run_address>
         <size>0x68</size>
         <input_file_ref idref="fl-f3"/>
      </object_component>
      <object_component id="oc-37f">
         <name>.text</name>
         <load_address>0x34a4</load_address>
         <run_address>0x34a4</run_address>
         <size>0x68</size>
         <input_file_ref idref="fl-f9"/>
      </object_component>
      <object_component id="oc-2b7">
         <name>.text</name>
         <load_address>0x350c</load_address>
         <run_address>0x350c</run_address>
         <size>0x64</size>
         <input_file_ref idref="fl-ee"/>
      </object_component>
      <object_component id="oc-22e">
         <name>.text</name>
         <load_address>0x3570</load_address>
         <run_address>0x3570</run_address>
         <size>0x64</size>
         <input_file_ref idref="fl-e3"/>
      </object_component>
      <object_component id="oc-335">
         <name>.text</name>
         <load_address>0x35d4</load_address>
         <run_address>0x35d4</run_address>
         <size>0x60</size>
         <input_file_ref idref="fl-f1"/>
      </object_component>
      <object_component id="oc-145">
         <name>.text</name>
         <load_address>0x3634</load_address>
         <run_address>0x3634</run_address>
         <size>0x60</size>
         <input_file_ref idref="fl-cd"/>
      </object_component>
      <object_component id="oc-36e">
         <name>.text</name>
         <load_address>0x3694</load_address>
         <run_address>0x3694</run_address>
         <size>0x5c</size>
         <input_file_ref idref="fl-102"/>
      </object_component>
      <object_component id="oc-341">
         <name>.text</name>
         <load_address>0x36f0</load_address>
         <run_address>0x36f0</run_address>
         <size>0x58</size>
         <input_file_ref idref="fl-f2"/>
      </object_component>
      <object_component id="oc-347">
         <name>.text</name>
         <load_address>0x3748</load_address>
         <run_address>0x3748</run_address>
         <size>0x58</size>
         <input_file_ref idref="fl-f5"/>
      </object_component>
      <object_component id="oc-24">
         <name>.text</name>
         <load_address>0x37a0</load_address>
         <run_address>0x37a0</run_address>
         <size>0x54</size>
         <input_file_ref idref="fl-bf"/>
      </object_component>
      <object_component id="oc-72">
         <name>.text</name>
         <load_address>0x37f4</load_address>
         <run_address>0x37f4</run_address>
         <size>0x54</size>
         <input_file_ref idref="fl-c3"/>
      </object_component>
      <object_component id="oc-228">
         <name>.text</name>
         <load_address>0x3848</load_address>
         <run_address>0x3848</run_address>
         <size>0x54</size>
         <input_file_ref idref="fl-e0"/>
      </object_component>
      <object_component id="oc-240">
         <name>.text</name>
         <load_address>0x389c</load_address>
         <run_address>0x389c</run_address>
         <size>0x4c</size>
         <input_file_ref idref="fl-d6"/>
      </object_component>
      <object_component id="oc-a0">
         <name>.text</name>
         <load_address>0x38e8</load_address>
         <run_address>0x38e8</run_address>
         <size>0x4c</size>
         <input_file_ref idref="fl-d8"/>
      </object_component>
      <object_component id="oc-ef">
         <name>.text:GPIOPinConfigure</name>
         <load_address>0x3934</load_address>
         <run_address>0x3934</run_address>
         <size>0x48</size>
         <input_file_ref idref="fl-103"/>
      </object_component>
      <object_component id="oc-136">
         <name>.text</name>
         <load_address>0x397c</load_address>
         <run_address>0x397c</run_address>
         <size>0x48</size>
         <input_file_ref idref="fl-c6"/>
      </object_component>
      <object_component id="oc-101">
         <name>.text:UARTConfigSetExpClk</name>
         <load_address>0x39c4</load_address>
         <run_address>0x39c4</run_address>
         <size>0x46</size>
         <input_file_ref idref="fl-106"/>
      </object_component>
      <object_component id="oc-33b">
         <name>.text</name>
         <load_address>0x3a0c</load_address>
         <run_address>0x3a0c</run_address>
         <size>0x44</size>
         <input_file_ref idref="fl-ef"/>
      </object_component>
      <object_component id="oc-353">
         <name>.text</name>
         <load_address>0x3a50</load_address>
         <run_address>0x3a50</run_address>
         <size>0x44</size>
         <input_file_ref idref="fl-f4"/>
      </object_component>
      <object_component id="oc-119">
         <name>.text</name>
         <load_address>0x3a94</load_address>
         <run_address>0x3a94</run_address>
         <size>0x40</size>
         <input_file_ref idref="fl-d2"/>
      </object_component>
      <object_component id="oc-395">
         <name>.text</name>
         <load_address>0x3ad4</load_address>
         <run_address>0x3ad4</run_address>
         <size>0x36</size>
         <input_file_ref idref="fl-100"/>
      </object_component>
      <object_component id="oc-e9">
         <name>.text:SysCtlPeripheralEnable</name>
         <load_address>0x3b0c</load_address>
         <run_address>0x3b0c</run_address>
         <size>0x34</size>
         <input_file_ref idref="fl-105"/>
      </object_component>
      <object_component id="oc-13b">
         <name>.text</name>
         <load_address>0x3b40</load_address>
         <run_address>0x3b40</run_address>
         <size>0x2e</size>
         <input_file_ref idref="fl-c7"/>
      </object_component>
      <object_component id="oc-374">
         <name>.text</name>
         <load_address>0x3b70</load_address>
         <run_address>0x3b70</run_address>
         <size>0x2c</size>
         <input_file_ref idref="fl-101"/>
      </object_component>
      <object_component id="oc-180">
         <name>.text:GPIODirModeSet</name>
         <load_address>0x3b9c</load_address>
         <run_address>0x3b9c</run_address>
         <size>0x2a</size>
         <input_file_ref idref="fl-103"/>
      </object_component>
      <object_component id="oc-19c">
         <name>.text</name>
         <load_address>0x3bc6</load_address>
         <run_address>0x3bc6</run_address>
         <size>0x2a</size>
         <input_file_ref idref="fl-e9"/>
      </object_component>
      <object_component id="oc-2e8">
         <name>.text</name>
         <load_address>0x3bf0</load_address>
         <run_address>0x3bf0</run_address>
         <size>0x28</size>
         <input_file_ref idref="fl-f6"/>
      </object_component>
      <object_component id="oc-26b">
         <name>.text</name>
         <load_address>0x3c18</load_address>
         <run_address>0x3c18</run_address>
         <size>0x28</size>
         <input_file_ref idref="fl-eb"/>
      </object_component>
      <object_component id="oc-1a2">
         <name>.text</name>
         <load_address>0x3c40</load_address>
         <run_address>0x3c40</run_address>
         <size>0x24</size>
         <input_file_ref idref="fl-e7"/>
      </object_component>
      <object_component id="oc-191">
         <name>.text:UARTDisable</name>
         <load_address>0x3c64</load_address>
         <run_address>0x3c64</run_address>
         <size>0x20</size>
         <input_file_ref idref="fl-106"/>
      </object_component>
      <object_component id="oc-273">
         <name>.text</name>
         <load_address>0x3c84</load_address>
         <run_address>0x3c84</run_address>
         <size>0x20</size>
         <input_file_ref idref="fl-e2"/>
      </object_component>
      <object_component id="oc-246">
         <name>.text</name>
         <load_address>0x3ca4</load_address>
         <run_address>0x3ca4</run_address>
         <size>0x1c</size>
         <input_file_ref idref="fl-e1"/>
      </object_component>
      <object_component id="oc-6c">
         <name>.text</name>
         <load_address>0x3cc0</load_address>
         <run_address>0x3cc0</run_address>
         <size>0x18</size>
         <input_file_ref idref="fl-d5"/>
      </object_component>
      <object_component id="oc-125">
         <name>.text</name>
         <load_address>0x3cd8</load_address>
         <run_address>0x3cd8</run_address>
         <size>0x18</size>
         <input_file_ref idref="fl-cf"/>
      </object_component>
      <object_component id="oc-23a">
         <name>.text</name>
         <load_address>0x3cf0</load_address>
         <run_address>0x3cf0</run_address>
         <size>0x16</size>
         <input_file_ref idref="fl-e6"/>
      </object_component>
      <object_component id="oc-107">
         <name>.text:UARTEnable</name>
         <load_address>0x3d06</load_address>
         <run_address>0x3d06</run_address>
         <size>0x14</size>
         <input_file_ref idref="fl-106"/>
      </object_component>
      <object_component id="oc-160">
         <name>.text</name>
         <load_address>0x3d1c</load_address>
         <run_address>0x3d1c</run_address>
         <size>0x14</size>
         <input_file_ref idref="fl-d3"/>
      </object_component>
      <object_component id="oc-2a2">
         <name>.text</name>
         <load_address>0x3d30</load_address>
         <run_address>0x3d30</run_address>
         <size>0x14</size>
         <input_file_ref idref="fl-f7"/>
      </object_component>
      <object_component id="oc-11f">
         <name>.text</name>
         <load_address>0x3d44</load_address>
         <run_address>0x3d44</run_address>
         <size>0x14</size>
         <input_file_ref idref="fl-d0"/>
      </object_component>
      <object_component id="oc-21d">
         <name>.text</name>
         <load_address>0x3d58</load_address>
         <run_address>0x3d58</run_address>
         <size>0x14</size>
         <input_file_ref idref="fl-e8"/>
      </object_component>
      <object_component id="oc-f5">
         <name>.text:GPIOPinTypeUART</name>
         <load_address>0x3d6c</load_address>
         <run_address>0x3d6c</run_address>
         <size>0x12</size>
         <input_file_ref idref="fl-103"/>
      </object_component>
      <object_component id="oc-12b">
         <name>.text</name>
         <load_address>0x3d7e</load_address>
         <run_address>0x3d7e</run_address>
         <size>0x12</size>
         <input_file_ref idref="fl-be"/>
      </object_component>
      <object_component id="oc-113">
         <name>.text:UARTCharGetNonBlocking</name>
         <load_address>0x3d90</load_address>
         <run_address>0x3d90</run_address>
         <size>0xe</size>
         <input_file_ref idref="fl-106"/>
      </object_component>
      <object_component id="oc-10d">
         <name>.text:UARTCharsAvail</name>
         <load_address>0x3d9e</load_address>
         <run_address>0x3d9e</run_address>
         <size>0xe</size>
         <input_file_ref idref="fl-106"/>
      </object_component>
      <object_component id="oc-18">
         <name>.text:decompress:none</name>
         <load_address>0x3dac</load_address>
         <run_address>0x3dac</run_address>
         <size>0xe</size>
         <input_file_ref idref="fl-c1"/>
      </object_component>
      <object_component id="oc-1e">
         <name>.text:decompress:ZI</name>
         <load_address>0x3dba</load_address>
         <run_address>0x3dba</run_address>
         <size>0xc</size>
         <input_file_ref idref="fl-c2"/>
      </object_component>
      <object_component id="oc-2e">
         <name>.text</name>
         <load_address>0x3dc6</load_address>
         <run_address>0x3dc6</run_address>
         <size>0xc</size>
         <input_file_ref idref="fl-3"/>
      </object_component>
      <object_component id="oc-154">
         <name>.text:SysCtlDelay</name>
         <load_address>0x3dd2</load_address>
         <run_address>0x3dd2</run_address>
         <size>0x6</size>
         <input_file_ref idref="fl-105"/>
      </object_component>
      <object_component id="oc-60">
         <name>.text</name>
         <load_address>0x3dd8</load_address>
         <run_address>0x3dd8</run_address>
         <size>0x4</size>
         <input_file_ref idref="fl-cb"/>
      </object_component>
      <object_component id="oc-20a">
         <name>.const:.string:_ctypes_</name>
         <load_address>0x3de0</load_address>
         <run_address>0x3de0</run_address>
         <size>0x101</size>
         <input_file_ref idref="fl-d9"/>
      </object_component>
      <object_component id="oc-14b">
         <name>.const:.string:$P$T0$1</name>
         <load_address>0x3ee1</load_address>
         <run_address>0x3ee1</run_address>
         <size>0x2</size>
         <input_file_ref idref="fl-2"/>
      </object_component>
      <object_component id="oc-20d">
         <name>.const:$O1$$</name>
         <load_address>0x3ee8</load_address>
         <run_address>0x3ee8</run_address>
         <size>0x98</size>
         <input_file_ref idref="fl-d1"/>
      </object_component>
      <object_component id="oc-17b">
         <name>.const:g_pui32GPIOBaseAddrs</name>
         <load_address>0x3f80</load_address>
         <run_address>0x3f80</run_address>
         <size>0x90</size>
         <input_file_ref idref="fl-103"/>
      </object_component>
      <object_component id="oc-18d">
         <name>.const:g_pui32Xtals</name>
         <load_address>0x4010</load_address>
         <run_address>0x4010</run_address>
         <size>0x6c</size>
         <input_file_ref idref="fl-105"/>
      </object_component>
      <object_component id="oc-3ec">
         <name>.cinit..data.load</name>
         <load_address>0x4080</load_address>
         <run_address>0x4080</run_address>
         <size>0x6e</size>
      </object_component>
      <object_component id="oc-3ea">
         <name>__TI_handler_table</name>
         <load_address>0x40f0</load_address>
         <run_address>0x40f0</run_address>
         <size>0xc</size>
      </object_component>
      <object_component id="oc-3ed">
         <name>.cinit..bss.load</name>
         <load_address>0x4100</load_address>
         <run_address>0x4100</run_address>
         <size>0x8</size>
      </object_component>
      <object_component id="oc-3eb">
         <name>__TI_cinit_table</name>
         <load_address>0x4108</load_address>
         <run_address>0x4108</run_address>
         <size>0x10</size>
      </object_component>
      <object_component id="oc-b6">
         <name>.data:$O1$$</name>
         <load_address>0x200013c8</load_address>
         <run_address>0x200013c8</run_address>
         <size>0xc</size>
         <input_file_ref idref="fl-c3"/>
      </object_component>
      <object_component id="oc-78">
         <name>.data</name>
         <load_address>0x200013f4</load_address>
         <run_address>0x200013f4</run_address>
         <size>0x4</size>
         <input_file_ref idref="fl-ce"/>
      </object_component>
      <object_component id="oc-1a8">
         <name>.data</name>
         <load_address>0x200013f8</load_address>
         <run_address>0x200013f8</run_address>
         <size>0x4</size>
         <input_file_ref idref="fl-d2"/>
      </object_component>
      <object_component id="oc-b9">
         <name>.data:$O1$$</name>
         <load_address>0x200013e0</load_address>
         <run_address>0x200013e0</run_address>
         <size>0x8</size>
         <input_file_ref idref="fl-d3"/>
      </object_component>
      <object_component id="oc-1d8">
         <name>.data:_ftable</name>
         <load_address>0x20001200</load_address>
         <run_address>0x20001200</run_address>
         <size>0xf0</size>
         <input_file_ref idref="fl-da"/>
      </object_component>
      <object_component id="oc-2c5">
         <name>.data</name>
         <load_address>0x200013b8</load_address>
         <run_address>0x200013b8</run_address>
         <size>0x10</size>
         <input_file_ref idref="fl-da"/>
      </object_component>
      <object_component id="oc-210">
         <name>.data</name>
         <load_address>0x200013e8</load_address>
         <run_address>0x200013e8</run_address>
         <size>0x4</size>
         <input_file_ref idref="fl-db"/>
      </object_component>
      <object_component id="oc-309">
         <name>.data:_device</name>
         <load_address>0x200012f0</load_address>
         <run_address>0x200012f0</run_address>
         <size>0x78</size>
         <input_file_ref idref="fl-eb"/>
      </object_component>
      <object_component id="oc-2ca">
         <name>.data:_stream</name>
         <load_address>0x20001368</load_address>
         <run_address>0x20001368</run_address>
         <size>0x50</size>
         <input_file_ref idref="fl-eb"/>
      </object_component>
      <object_component id="oc-330">
         <name>.data</name>
         <load_address>0x200013ec</load_address>
         <run_address>0x200013ec</run_address>
         <size>0x4</size>
         <input_file_ref idref="fl-fa"/>
      </object_component>
      <object_component id="oc-320">
         <name>.data:$O1$$</name>
         <load_address>0x200013d4</load_address>
         <run_address>0x200013d4</run_address>
         <size>0xc</size>
         <input_file_ref idref="fl-fb"/>
      </object_component>
      <object_component id="oc-36b">
         <name>.data</name>
         <load_address>0x200013f0</load_address>
         <run_address>0x200013f0</run_address>
         <size>0x4</size>
         <input_file_ref idref="fl-fc"/>
      </object_component>
      <object_component id="oc-3a5">
         <name>.bss:_CIOBUF_</name>
         <uninitialized>true</uninitialized>
         <run_address>0x200013fc</run_address>
         <size>0x120</size>
         <input_file_ref idref="fl-f9"/>
      </object_component>
      <object_component id="oc-37a">
         <name>.common:__TI_tmpnams</name>
         <uninitialized>true</uninitialized>
         <run_address>0x2000151c</run_address>
         <size>0xa0</size>
      </object_component>
      <object_component id="oc-385">
         <name>.common:parmbuf</name>
         <uninitialized>true</uninitialized>
         <run_address>0x200015bc</run_address>
         <size>0x8</size>
      </object_component>
      <object_component id="oc-2b">
         <name>.sysmem</name>
         <uninitialized>true</uninitialized>
         <run_address>0x20000000</run_address>
         <size>0x8</size>
         <input_file_ref idref="fl-fb"/>
      </object_component>
      <object_component id="oc-3ef">
         <name>.sysmem</name>
         <uninitialized>true</uninitialized>
         <run_address>0x20000000</run_address>
         <size>0x0</size>
      </object_component>
      <object_component id="oc-2a">
         <name>.stack</name>
         <uninitialized>true</uninitialized>
         <run_address>0x20001000</run_address>
         <size>0x0</size>
         <input_file_ref idref="fl-bf"/>
      </object_component>
      <object_component id="oc-3ee">
         <name>.stack</name>
         <uninitialized>true</uninitialized>
         <run_address>0x20001000</run_address>
         <size>0x0</size>
      </object_component>
      <object_component id="oc-156">
         <name>.debug_info</name>
         <load_address>0x0</load_address>
         <run_address>0x0</run_address>
         <size>0x5e5</size>
         <input_file_ref idref="fl-2"/>
      </object_component>
      <object_component id="oc-14c">
         <name>.debug_info</name>
         <load_address>0x5e5</load_address>
         <run_address>0x5e5</run_address>
         <size>0xe0</size>
         <input_file_ref idref="fl-2"/>
      </object_component>
      <object_component id="oc-af">
         <name>.debug_info</name>
         <load_address>0x6c5</load_address>
         <run_address>0x6c5</run_address>
         <size>0x92f</size>
         <input_file_ref idref="fl-2"/>
      </object_component>
      <object_component id="oc-cd">
         <name>.debug_info</name>
         <load_address>0xff4</load_address>
         <run_address>0xff4</run_address>
         <size>0x8b</size>
         <input_file_ref idref="fl-2"/>
      </object_component>
      <object_component id="oc-83">
         <name>.debug_info</name>
         <load_address>0x107f</load_address>
         <run_address>0x107f</run_address>
         <size>0x18b</size>
         <input_file_ref idref="fl-2"/>
      </object_component>
      <object_component id="oc-1c5">
         <name>.debug_info</name>
         <load_address>0x120a</load_address>
         <run_address>0x120a</run_address>
         <size>0x4e</size>
         <input_file_ref idref="fl-2"/>
      </object_component>
      <object_component id="oc-36">
         <name>.debug_info</name>
         <load_address>0x1258</load_address>
         <run_address>0x1258</run_address>
         <size>0x2ae</size>
         <input_file_ref idref="fl-3"/>
      </object_component>
      <object_component id="oc-10">
         <name>.debug_info</name>
         <load_address>0x1506</load_address>
         <run_address>0x1506</run_address>
         <size>0xff</size>
         <input_file_ref idref="fl-3"/>
      </object_component>
      <object_component id="oc-2f">
         <name>.debug_info</name>
         <load_address>0x1605</load_address>
         <run_address>0x1605</run_address>
         <size>0x27b</size>
         <input_file_ref idref="fl-3"/>
      </object_component>
      <object_component id="oc-3d">
         <name>.debug_info</name>
         <load_address>0x1880</load_address>
         <run_address>0x1880</run_address>
         <size>0x84</size>
         <input_file_ref idref="fl-3"/>
      </object_component>
      <object_component id="oc-1b8">
         <name>.debug_info</name>
         <load_address>0x1904</load_address>
         <run_address>0x1904</run_address>
         <size>0x2b0</size>
         <input_file_ref idref="fl-be"/>
      </object_component>
      <object_component id="oc-12e">
         <name>.debug_info</name>
         <load_address>0x1bb4</load_address>
         <run_address>0x1bb4</run_address>
         <size>0x13e</size>
         <input_file_ref idref="fl-be"/>
      </object_component>
      <object_component id="oc-27">
         <name>.debug_info</name>
         <load_address>0x1cf2</load_address>
         <run_address>0x1cf2</run_address>
         <size>0x160</size>
         <input_file_ref idref="fl-bf"/>
      </object_component>
      <object_component id="oc-8d">
         <name>.debug_info</name>
         <load_address>0x1e52</load_address>
         <run_address>0x1e52</run_address>
         <size>0x293</size>
         <input_file_ref idref="fl-c0"/>
      </object_component>
      <object_component id="oc-13">
         <name>.debug_info</name>
         <load_address>0x20e5</load_address>
         <run_address>0x20e5</run_address>
         <size>0x245</size>
         <input_file_ref idref="fl-c0"/>
      </object_component>
      <object_component id="oc-38">
         <name>.debug_info</name>
         <load_address>0x232a</load_address>
         <run_address>0x232a</run_address>
         <size>0x60</size>
         <input_file_ref idref="fl-c0"/>
      </object_component>
      <object_component id="oc-88">
         <name>.debug_info</name>
         <load_address>0x238a</load_address>
         <run_address>0x238a</run_address>
         <size>0x46</size>
         <input_file_ref idref="fl-c0"/>
      </object_component>
      <object_component id="oc-4d">
         <name>.debug_info</name>
         <load_address>0x23d0</load_address>
         <run_address>0x23d0</run_address>
         <size>0x2da</size>
         <input_file_ref idref="fl-c1"/>
      </object_component>
      <object_component id="oc-1a">
         <name>.debug_info</name>
         <load_address>0x26aa</load_address>
         <run_address>0x26aa</run_address>
         <size>0x1df</size>
         <input_file_ref idref="fl-c1"/>
      </object_component>
      <object_component id="oc-48">
         <name>.debug_info</name>
         <load_address>0x2889</load_address>
         <run_address>0x2889</run_address>
         <size>0x46</size>
         <input_file_ref idref="fl-c1"/>
      </object_component>
      <object_component id="oc-8f">
         <name>.debug_info</name>
         <load_address>0x28cf</load_address>
         <run_address>0x28cf</run_address>
         <size>0x2c</size>
         <input_file_ref idref="fl-c1"/>
      </object_component>
      <object_component id="oc-59">
         <name>.debug_info</name>
         <load_address>0x28fb</load_address>
         <run_address>0x28fb</run_address>
         <size>0x2c9</size>
         <input_file_ref idref="fl-c2"/>
      </object_component>
      <object_component id="oc-21">
         <name>.debug_info</name>
         <load_address>0x2bc4</load_address>
         <run_address>0x2bc4</run_address>
         <size>0x1aa</size>
         <input_file_ref idref="fl-c2"/>
      </object_component>
      <object_component id="oc-54">
         <name>.debug_info</name>
         <load_address>0x2d6e</load_address>
         <run_address>0x2d6e</run_address>
         <size>0x46</size>
         <input_file_ref idref="fl-c2"/>
      </object_component>
      <object_component id="oc-97">
         <name>.debug_info</name>
         <load_address>0x2db4</load_address>
         <run_address>0x2db4</run_address>
         <size>0x2c</size>
         <input_file_ref idref="fl-c2"/>
      </object_component>
      <object_component id="oc-bd">
         <name>.debug_info</name>
         <load_address>0x2de0</load_address>
         <run_address>0x2de0</run_address>
         <size>0x3ce</size>
         <input_file_ref idref="fl-c3"/>
      </object_component>
      <object_component id="oc-b7">
         <name>.debug_info</name>
         <load_address>0x31ae</load_address>
         <run_address>0x31ae</run_address>
         <size>0x185</size>
         <input_file_ref idref="fl-c3"/>
      </object_component>
      <object_component id="oc-75">
         <name>.debug_info</name>
         <load_address>0x3333</load_address>
         <run_address>0x3333</run_address>
         <size>0x214</size>
         <input_file_ref idref="fl-c3"/>
      </object_component>
      <object_component id="oc-141">
         <name>.debug_info</name>
         <load_address>0x3547</load_address>
         <run_address>0x3547</run_address>
         <size>0x144</size>
         <input_file_ref idref="fl-c4"/>
      </object_component>
      <object_component id="oc-134">
         <name>.debug_info</name>
         <load_address>0x368b</load_address>
         <run_address>0x368b</run_address>
         <size>0x132</size>
         <input_file_ref idref="fl-c5"/>
      </object_component>
      <object_component id="oc-138">
         <name>.debug_info</name>
         <load_address>0x37bd</load_address>
         <run_address>0x37bd</run_address>
         <size>0x126</size>
         <input_file_ref idref="fl-c6"/>
      </object_component>
      <object_component id="oc-13e">
         <name>.debug_info</name>
         <load_address>0x38e3</load_address>
         <run_address>0x38e3</run_address>
         <size>0x124</size>
         <input_file_ref idref="fl-c7"/>
      </object_component>
      <object_component id="oc-43">
         <name>.debug_info</name>
         <load_address>0x3a07</load_address>
         <run_address>0x3a07</run_address>
         <size>0x111</size>
         <input_file_ref idref="fl-c8"/>
      </object_component>
      <object_component id="oc-50">
         <name>.debug_info</name>
         <load_address>0x3b18</load_address>
         <run_address>0x3b18</run_address>
         <size>0x13f</size>
         <input_file_ref idref="fl-c9"/>
      </object_component>
      <object_component id="oc-5b">
         <name>.debug_info</name>
         <load_address>0x3c57</load_address>
         <run_address>0x3c57</run_address>
         <size>0x138</size>
         <input_file_ref idref="fl-ca"/>
      </object_component>
      <object_component id="oc-64">
         <name>.debug_info</name>
         <load_address>0x3d8f</load_address>
         <run_address>0x3d8f</run_address>
         <size>0x148</size>
         <input_file_ref idref="fl-cb"/>
      </object_component>
      <object_component id="oc-1dc">
         <name>.debug_info</name>
         <load_address>0x3ed7</load_address>
         <run_address>0x3ed7</run_address>
         <size>0x3c6</size>
         <input_file_ref idref="fl-cc"/>
      </object_component>
      <object_component id="oc-151">
         <name>.debug_info</name>
         <load_address>0x429d</load_address>
         <run_address>0x429d</run_address>
         <size>0x284</size>
         <input_file_ref idref="fl-cc"/>
      </object_component>
      <object_component id="oc-281">
         <name>.debug_info</name>
         <load_address>0x4521</load_address>
         <run_address>0x4521</run_address>
         <size>0xae</size>
         <input_file_ref idref="fl-cc"/>
      </object_component>
      <object_component id="oc-1c4">
         <name>.debug_info</name>
         <load_address>0x45cf</load_address>
         <run_address>0x45cf</run_address>
         <size>0x355</size>
         <input_file_ref idref="fl-cd"/>
      </object_component>
      <object_component id="oc-147">
         <name>.debug_info</name>
         <load_address>0x4924</load_address>
         <run_address>0x4924</run_address>
         <size>0x2e4</size>
         <input_file_ref idref="fl-cd"/>
      </object_component>
      <object_component id="oc-258">
         <name>.debug_info</name>
         <load_address>0x4c08</load_address>
         <run_address>0x4c08</run_address>
         <size>0x2c</size>
         <input_file_ref idref="fl-cd"/>
      </object_component>
      <object_component id="oc-79">
         <name>.debug_info</name>
         <load_address>0x4c34</load_address>
         <run_address>0x4c34</run_address>
         <size>0x109</size>
         <input_file_ref idref="fl-ce"/>
      </object_component>
      <object_component id="oc-1b0">
         <name>.debug_info</name>
         <load_address>0x4d3d</load_address>
         <run_address>0x4d3d</run_address>
         <size>0x27f</size>
         <input_file_ref idref="fl-cf"/>
      </object_component>
      <object_component id="oc-126">
         <name>.debug_info</name>
         <load_address>0x4fbc</load_address>
         <run_address>0x4fbc</run_address>
         <size>0x258</size>
         <input_file_ref idref="fl-cf"/>
      </object_component>
      <object_component id="oc-1ae">
         <name>.debug_info</name>
         <load_address>0x5214</load_address>
         <run_address>0x5214</run_address>
         <size>0x28a</size>
         <input_file_ref idref="fl-d0"/>
      </object_component>
      <object_component id="oc-120">
         <name>.debug_info</name>
         <load_address>0x549e</load_address>
         <run_address>0x549e</run_address>
         <size>0x231</size>
         <input_file_ref idref="fl-d0"/>
      </object_component>
      <object_component id="oc-214">
         <name>.debug_info</name>
         <load_address>0x56cf</load_address>
         <run_address>0x56cf</run_address>
         <size>0x3f7</size>
         <input_file_ref idref="fl-d1"/>
      </object_component>
      <object_component id="oc-20e">
         <name>.debug_info</name>
         <load_address>0x5ac6</load_address>
         <run_address>0x5ac6</run_address>
         <size>0x118</size>
         <input_file_ref idref="fl-d1"/>
      </object_component>
      <object_component id="oc-1b2">
         <name>.debug_info</name>
         <load_address>0x5bde</load_address>
         <run_address>0x5bde</run_address>
         <size>0x300</size>
         <input_file_ref idref="fl-d1"/>
      </object_component>
      <object_component id="oc-1ac">
         <name>.debug_info</name>
         <load_address>0x5ede</load_address>
         <run_address>0x5ede</run_address>
         <size>0x2df</size>
         <input_file_ref idref="fl-d2"/>
      </object_component>
      <object_component id="oc-1a9">
         <name>.debug_info</name>
         <load_address>0x61bd</load_address>
         <run_address>0x61bd</run_address>
         <size>0xfa</size>
         <input_file_ref idref="fl-d2"/>
      </object_component>
      <object_component id="oc-11a">
         <name>.debug_info</name>
         <load_address>0x62b7</load_address>
         <run_address>0x62b7</run_address>
         <size>0x1a0</size>
         <input_file_ref idref="fl-d2"/>
      </object_component>
      <object_component id="oc-168">
         <name>.debug_info</name>
         <load_address>0x6457</load_address>
         <run_address>0x6457</run_address>
         <size>0x2be</size>
         <input_file_ref idref="fl-d3"/>
      </object_component>
      <object_component id="oc-ba">
         <name>.debug_info</name>
         <load_address>0x6715</load_address>
         <run_address>0x6715</run_address>
         <size>0x113</size>
         <input_file_ref idref="fl-d3"/>
      </object_component>
      <object_component id="oc-161">
         <name>.debug_info</name>
         <load_address>0x6828</load_address>
         <run_address>0x6828</run_address>
         <size>0x21f</size>
         <input_file_ref idref="fl-d3"/>
      </object_component>
      <object_component id="oc-24d">
         <name>.debug_info</name>
         <load_address>0x6a47</load_address>
         <run_address>0x6a47</run_address>
         <size>0x51f</size>
         <input_file_ref idref="fl-d4"/>
      </object_component>
      <object_component id="oc-1be">
         <name>.debug_info</name>
         <load_address>0x6f66</load_address>
         <run_address>0x6f66</run_address>
         <size>0x1543</size>
         <input_file_ref idref="fl-d4"/>
      </object_component>
      <object_component id="oc-24e">
         <name>.debug_info</name>
         <load_address>0x84a9</load_address>
         <run_address>0x84a9</run_address>
         <size>0x86</size>
         <input_file_ref idref="fl-d4"/>
      </object_component>
      <object_component id="oc-2b2">
         <name>.debug_info</name>
         <load_address>0x852f</load_address>
         <run_address>0x852f</run_address>
         <size>0x46</size>
         <input_file_ref idref="fl-d4"/>
      </object_component>
      <object_component id="oc-253">
         <name>.debug_info</name>
         <load_address>0x8575</load_address>
         <run_address>0x8575</run_address>
         <size>0x39</size>
         <input_file_ref idref="fl-d4"/>
      </object_component>
      <object_component id="oc-b5">
         <name>.debug_info</name>
         <load_address>0x85ae</load_address>
         <run_address>0x85ae</run_address>
         <size>0x300</size>
         <input_file_ref idref="fl-d5"/>
      </object_component>
      <object_component id="oc-6d">
         <name>.debug_info</name>
         <load_address>0x88ae</load_address>
         <run_address>0x88ae</run_address>
         <size>0x167</size>
         <input_file_ref idref="fl-d5"/>
      </object_component>
      <object_component id="oc-159">
         <name>.debug_info</name>
         <load_address>0x8a15</load_address>
         <run_address>0x8a15</run_address>
         <size>0x5e</size>
         <input_file_ref idref="fl-d5"/>
      </object_component>
      <object_component id="oc-2ad">
         <name>.debug_info</name>
         <load_address>0x8a73</load_address>
         <run_address>0x8a73</run_address>
         <size>0x2ae</size>
         <input_file_ref idref="fl-d6"/>
      </object_component>
      <object_component id="oc-243">
         <name>.debug_info</name>
         <load_address>0x8d21</load_address>
         <run_address>0x8d21</run_address>
         <size>0x171</size>
         <input_file_ref idref="fl-d6"/>
      </object_component>
      <object_component id="oc-ad">
         <name>.debug_info</name>
         <load_address>0x8e92</load_address>
         <run_address>0x8e92</run_address>
         <size>0x483</size>
         <input_file_ref idref="fl-d7"/>
      </object_component>
      <object_component id="oc-68">
         <name>.debug_info</name>
         <load_address>0x9315</load_address>
         <run_address>0x9315</run_address>
         <size>0x190</size>
         <input_file_ref idref="fl-d7"/>
      </object_component>
      <object_component id="oc-d9">
         <name>.debug_info</name>
         <load_address>0x94a5</load_address>
         <run_address>0x94a5</run_address>
         <size>0x39</size>
         <input_file_ref idref="fl-d7"/>
      </object_component>
      <object_component id="oc-173">
         <name>.debug_info</name>
         <load_address>0x94de</load_address>
         <run_address>0x94de</run_address>
         <size>0x39</size>
         <input_file_ref idref="fl-d7"/>
      </object_component>
      <object_component id="oc-de">
         <name>.debug_info</name>
         <load_address>0x9517</load_address>
         <run_address>0x9517</run_address>
         <size>0xcd</size>
         <input_file_ref idref="fl-d7"/>
      </object_component>
      <object_component id="oc-d5">
         <name>.debug_info</name>
         <load_address>0x95e4</load_address>
         <run_address>0x95e4</run_address>
         <size>0x37a</size>
         <input_file_ref idref="fl-d8"/>
      </object_component>
      <object_component id="oc-a2">
         <name>.debug_info</name>
         <load_address>0x995e</load_address>
         <run_address>0x995e</run_address>
         <size>0x183</size>
         <input_file_ref idref="fl-d8"/>
      </object_component>
      <object_component id="oc-16e">
         <name>.debug_info</name>
         <load_address>0x9ae1</load_address>
         <run_address>0x9ae1</run_address>
         <size>0x2c</size>
         <input_file_ref idref="fl-d8"/>
      </object_component>
      <object_component id="oc-28e">
         <name>.debug_info</name>
         <load_address>0x9b0d</load_address>
         <run_address>0x9b0d</run_address>
         <size>0xee</size>
         <input_file_ref idref="fl-d9"/>
      </object_component>
      <object_component id="oc-20b">
         <name>.debug_info</name>
         <load_address>0x9bfb</load_address>
         <run_address>0x9bfb</run_address>
         <size>0xfa</size>
         <input_file_ref idref="fl-d9"/>
      </object_component>
      <object_component id="oc-27d">
         <name>.debug_info</name>
         <load_address>0x9cf5</load_address>
         <run_address>0x9cf5</run_address>
         <size>0x139</size>
         <input_file_ref idref="fl-da"/>
      </object_component>
      <object_component id="oc-1d9">
         <name>.debug_info</name>
         <load_address>0x9e2e</load_address>
         <run_address>0x9e2e</run_address>
         <size>0xf7</size>
         <input_file_ref idref="fl-da"/>
      </object_component>
      <object_component id="oc-2c6">
         <name>.debug_info</name>
         <load_address>0x9f25</load_address>
         <run_address>0x9f25</run_address>
         <size>0x184</size>
         <input_file_ref idref="fl-da"/>
      </object_component>
      <object_component id="oc-211">
         <name>.debug_info</name>
         <load_address>0xa0a9</load_address>
         <run_address>0xa0a9</run_address>
         <size>0xf3</size>
         <input_file_ref idref="fl-db"/>
      </object_component>
      <object_component id="oc-206">
         <name>.debug_info</name>
         <load_address>0xa19c</load_address>
         <run_address>0xa19c</run_address>
         <size>0x120</size>
         <input_file_ref idref="fl-dc"/>
      </object_component>
      <object_component id="oc-224">
         <name>.debug_info</name>
         <load_address>0xa2bc</load_address>
         <run_address>0xa2bc</run_address>
         <size>0x122</size>
         <input_file_ref idref="fl-dc"/>
      </object_component>
      <object_component id="oc-201">
         <name>.debug_info</name>
         <load_address>0xa3de</load_address>
         <run_address>0xa3de</run_address>
         <size>0x132</size>
         <input_file_ref idref="fl-dd"/>
      </object_component>
      <object_component id="oc-272">
         <name>.debug_info</name>
         <load_address>0xa510</load_address>
         <run_address>0xa510</run_address>
         <size>0x378</size>
         <input_file_ref idref="fl-de"/>
      </object_component>
      <object_component id="oc-1cd">
         <name>.debug_info</name>
         <load_address>0xa888</load_address>
         <run_address>0xa888</run_address>
         <size>0x23f</size>
         <input_file_ref idref="fl-de"/>
      </object_component>
      <object_component id="oc-27a">
         <name>.debug_info</name>
         <load_address>0xaac7</load_address>
         <run_address>0xaac7</run_address>
         <size>0x43c</size>
         <input_file_ref idref="fl-df"/>
      </object_component>
      <object_component id="oc-1d6">
         <name>.debug_info</name>
         <load_address>0xaf03</load_address>
         <run_address>0xaf03</run_address>
         <size>0x359</size>
         <input_file_ref idref="fl-df"/>
      </object_component>
      <object_component id="oc-29a">
         <name>.debug_info</name>
         <load_address>0xb25c</load_address>
         <run_address>0xb25c</run_address>
         <size>0x2e6</size>
         <input_file_ref idref="fl-e0"/>
      </object_component>
      <object_component id="oc-22b">
         <name>.debug_info</name>
         <load_address>0xb542</load_address>
         <run_address>0xb542</run_address>
         <size>0x1c2</size>
         <input_file_ref idref="fl-e0"/>
      </object_component>
      <object_component id="oc-2af">
         <name>.debug_info</name>
         <load_address>0xb704</load_address>
         <run_address>0xb704</run_address>
         <size>0x28b</size>
         <input_file_ref idref="fl-e1"/>
      </object_component>
      <object_component id="oc-249">
         <name>.debug_info</name>
         <load_address>0xb98f</load_address>
         <run_address>0xb98f</run_address>
         <size>0x1ab</size>
         <input_file_ref idref="fl-e1"/>
      </object_component>
      <object_component id="oc-2d2">
         <name>.debug_info</name>
         <load_address>0xbb3a</load_address>
         <run_address>0xbb3a</run_address>
         <size>0x29a</size>
         <input_file_ref idref="fl-e2"/>
      </object_component>
      <object_component id="oc-275">
         <name>.debug_info</name>
         <load_address>0xbdd4</load_address>
         <run_address>0xbdd4</run_address>
         <size>0x242</size>
         <input_file_ref idref="fl-e2"/>
      </object_component>
      <object_component id="oc-29c">
         <name>.debug_info</name>
         <load_address>0xc016</load_address>
         <run_address>0xc016</run_address>
         <size>0x2d9</size>
         <input_file_ref idref="fl-e3"/>
      </object_component>
      <object_component id="oc-22f">
         <name>.debug_info</name>
         <load_address>0xc2ef</load_address>
         <run_address>0xc2ef</run_address>
         <size>0x18a</size>
         <input_file_ref idref="fl-e3"/>
      </object_component>
      <object_component id="oc-29d">
         <name>.debug_info</name>
         <load_address>0xc479</load_address>
         <run_address>0xc479</run_address>
         <size>0x2c</size>
         <input_file_ref idref="fl-e3"/>
      </object_component>
      <object_component id="oc-2a9">
         <name>.debug_info</name>
         <load_address>0xc4a5</load_address>
         <run_address>0xc4a5</run_address>
         <size>0x316</size>
         <input_file_ref idref="fl-e4"/>
      </object_component>
      <object_component id="oc-235">
         <name>.debug_info</name>
         <load_address>0xc7bb</load_address>
         <run_address>0xc7bb</run_address>
         <size>0x1d5</size>
         <input_file_ref idref="fl-e4"/>
      </object_component>
      <object_component id="oc-a7">
         <name>.debug_info</name>
         <load_address>0xc990</load_address>
         <run_address>0xc990</run_address>
         <size>0x145</size>
         <input_file_ref idref="fl-e5"/>
      </object_component>
      <object_component id="oc-2ab">
         <name>.debug_info</name>
         <load_address>0xcad5</load_address>
         <run_address>0xcad5</run_address>
         <size>0x28f</size>
         <input_file_ref idref="fl-e6"/>
      </object_component>
      <object_component id="oc-23c">
         <name>.debug_info</name>
         <load_address>0xcd64</load_address>
         <run_address>0xcd64</run_address>
         <size>0x244</size>
         <input_file_ref idref="fl-e6"/>
      </object_component>
      <object_component id="oc-1f7">
         <name>.debug_info</name>
         <load_address>0xcfa8</load_address>
         <run_address>0xcfa8</run_address>
         <size>0x285</size>
         <input_file_ref idref="fl-e7"/>
      </object_component>
      <object_component id="oc-1a5">
         <name>.debug_info</name>
         <load_address>0xd22d</load_address>
         <run_address>0xd22d</run_address>
         <size>0x18d</size>
         <input_file_ref idref="fl-e7"/>
      </object_component>
      <object_component id="oc-297">
         <name>.debug_info</name>
         <load_address>0xd3ba</load_address>
         <run_address>0xd3ba</run_address>
         <size>0x284</size>
         <input_file_ref idref="fl-e8"/>
      </object_component>
      <object_component id="oc-220">
         <name>.debug_info</name>
         <load_address>0xd63e</load_address>
         <run_address>0xd63e</run_address>
         <size>0x22a</size>
         <input_file_ref idref="fl-e8"/>
      </object_component>
      <object_component id="oc-1f5">
         <name>.debug_info</name>
         <load_address>0xd868</load_address>
         <run_address>0xd868</run_address>
         <size>0x28a</size>
         <input_file_ref idref="fl-e9"/>
      </object_component>
      <object_component id="oc-19d">
         <name>.debug_info</name>
         <load_address>0xdaf2</load_address>
         <run_address>0xdaf2</run_address>
         <size>0x1b8</size>
         <input_file_ref idref="fl-e9"/>
      </object_component>
      <object_component id="oc-21b">
         <name>.debug_info</name>
         <load_address>0xdcaa</load_address>
         <run_address>0xdcaa</run_address>
         <size>0x17d</size>
         <input_file_ref idref="fl-ea"/>
      </object_component>
      <object_component id="oc-2ce">
         <name>.debug_info</name>
         <load_address>0xde27</load_address>
         <run_address>0xde27</run_address>
         <size>0x4c5</size>
         <input_file_ref idref="fl-eb"/>
      </object_component>
      <object_component id="oc-30a">
         <name>.debug_info</name>
         <load_address>0xe2ec</load_address>
         <run_address>0xe2ec</run_address>
         <size>0xf8</size>
         <input_file_ref idref="fl-eb"/>
      </object_component>
      <object_component id="oc-2cb">
         <name>.debug_info</name>
         <load_address>0xe3e4</load_address>
         <run_address>0xe3e4</run_address>
         <size>0xf8</size>
         <input_file_ref idref="fl-eb"/>
      </object_component>
      <object_component id="oc-26d">
         <name>.debug_info</name>
         <load_address>0xe4dc</load_address>
         <run_address>0xe4dc</run_address>
         <size>0x184</size>
         <input_file_ref idref="fl-eb"/>
      </object_component>
      <object_component id="oc-310">
         <name>.debug_info</name>
         <load_address>0xe660</load_address>
         <run_address>0xe660</run_address>
         <size>0x120</size>
         <input_file_ref idref="fl-eb"/>
      </object_component>
      <object_component id="oc-315">
         <name>.debug_info</name>
         <load_address>0xe780</load_address>
         <run_address>0xe780</run_address>
         <size>0x2c</size>
         <input_file_ref idref="fl-eb"/>
      </object_component>
      <object_component id="oc-2c4">
         <name>.debug_info</name>
         <load_address>0xe7ac</load_address>
         <run_address>0xe7ac</run_address>
         <size>0x2eb</size>
         <input_file_ref idref="fl-ec"/>
      </object_component>
      <object_component id="oc-261">
         <name>.debug_info</name>
         <load_address>0xea97</load_address>
         <run_address>0xea97</run_address>
         <size>0x230</size>
         <input_file_ref idref="fl-ec"/>
      </object_component>
      <object_component id="oc-2fe">
         <name>.debug_info</name>
         <load_address>0xecc7</load_address>
         <run_address>0xecc7</run_address>
         <size>0xbb</size>
         <input_file_ref idref="fl-ec"/>
      </object_component>
      <object_component id="oc-2c9">
         <name>.debug_info</name>
         <load_address>0xed82</load_address>
         <run_address>0xed82</run_address>
         <size>0x33c</size>
         <input_file_ref idref="fl-ed"/>
      </object_component>
      <object_component id="oc-266">
         <name>.debug_info</name>
         <load_address>0xf0be</load_address>
         <run_address>0xf0be</run_address>
         <size>0x25a</size>
         <input_file_ref idref="fl-ed"/>
      </object_component>
      <object_component id="oc-2ef">
         <name>.debug_info</name>
         <load_address>0xf318</load_address>
         <run_address>0xf318</run_address>
         <size>0x319</size>
         <input_file_ref idref="fl-ee"/>
      </object_component>
      <object_component id="oc-2b9">
         <name>.debug_info</name>
         <load_address>0xf631</load_address>
         <run_address>0xf631</run_address>
         <size>0x1e1</size>
         <input_file_ref idref="fl-ee"/>
      </object_component>
      <object_component id="oc-38a">
         <name>.debug_info</name>
         <load_address>0xf812</load_address>
         <run_address>0xf812</run_address>
         <size>0x368</size>
         <input_file_ref idref="fl-ef"/>
      </object_component>
      <object_component id="oc-33c">
         <name>.debug_info</name>
         <load_address>0xfb7a</load_address>
         <run_address>0xfb7a</run_address>
         <size>0x1b1</size>
         <input_file_ref idref="fl-ef"/>
      </object_component>
      <object_component id="oc-390">
         <name>.debug_info</name>
         <load_address>0xfd2b</load_address>
         <run_address>0xfd2b</run_address>
         <size>0x36d</size>
         <input_file_ref idref="fl-f0"/>
      </object_component>
      <object_component id="oc-34f">
         <name>.debug_info</name>
         <load_address>0x10098</load_address>
         <run_address>0x10098</run_address>
         <size>0x205</size>
         <input_file_ref idref="fl-f0"/>
      </object_component>
      <object_component id="oc-386">
         <name>.debug_info</name>
         <load_address>0x1029d</load_address>
         <run_address>0x1029d</run_address>
         <size>0x3cb</size>
         <input_file_ref idref="fl-f1"/>
      </object_component>
      <object_component id="oc-336">
         <name>.debug_info</name>
         <load_address>0x10668</load_address>
         <run_address>0x10668</run_address>
         <size>0x201</size>
         <input_file_ref idref="fl-f1"/>
      </object_component>
      <object_component id="oc-38c">
         <name>.debug_info</name>
         <load_address>0x10869</load_address>
         <run_address>0x10869</run_address>
         <size>0x36c</size>
         <input_file_ref idref="fl-f2"/>
      </object_component>
      <object_component id="oc-342">
         <name>.debug_info</name>
         <load_address>0x10bd5</load_address>
         <run_address>0x10bd5</run_address>
         <size>0x1f0</size>
         <input_file_ref idref="fl-f2"/>
      </object_component>
      <object_component id="oc-394">
         <name>.debug_info</name>
         <load_address>0x10dc5</load_address>
         <run_address>0x10dc5</run_address>
         <size>0x3f3</size>
         <input_file_ref idref="fl-f3"/>
      </object_component>
      <object_component id="oc-35b">
         <name>.debug_info</name>
         <load_address>0x111b8</load_address>
         <run_address>0x111b8</run_address>
         <size>0x22b</size>
         <input_file_ref idref="fl-f3"/>
      </object_component>
      <object_component id="oc-392">
         <name>.debug_info</name>
         <load_address>0x113e3</load_address>
         <run_address>0x113e3</run_address>
         <size>0x3be</size>
         <input_file_ref idref="fl-f4"/>
      </object_component>
      <object_component id="oc-356">
         <name>.debug_info</name>
         <load_address>0x117a1</load_address>
         <run_address>0x117a1</run_address>
         <size>0x1bb</size>
         <input_file_ref idref="fl-f4"/>
      </object_component>
      <object_component id="oc-38e">
         <name>.debug_info</name>
         <load_address>0x1195c</load_address>
         <run_address>0x1195c</run_address>
         <size>0x36d</size>
         <input_file_ref idref="fl-f5"/>
      </object_component>
[...]
      </symbol>
      <symbol id="sm-136">
         <name>__TI_dtors_ptr</name>
         <value>0x200013cc</value>
         <object_component_ref idref="oc-b6"/>
      </symbol>
      <symbol id="sm-137">
         <name>__TI_cleanup_ptr</name>
         <value>0x200013c8</value>
         <object_component_ref idref="oc-b6"/>
      </symbol>
      <symbol id="sm-138">
         <name>__TI_enable_exit_profile_output</name>
         <value>0x200013d0</value>
         <object_component_ref idref="oc-b6"/>
      </symbol>
      <symbol id="sm-14f">
         <name>__aeabi_dsub</name>
         <value>0x226d</value>
         <object_component_ref idref="oc-140"/>
      </symbol>
      <symbol id="sm-150">
         <name>__aeabi_dadd</name>
         <value>0x2277</value>
         <object_component_ref idref="oc-140"/>
      </symbol>
      <symbol id="sm-164">
         <name>__aeabi_ddiv</name>
         <value>0x2423</value>
         <object_component_ref idref="oc-131"/>
      </symbol>
      <symbol id="sm-16e">
         <name>__aeabi_d2iz</name>
         <value>0x397d</value>
         <object_component_ref idref="oc-136"/>
      </symbol>
      <symbol id="sm-178">
         <name>__aeabi_i2d</name>
         <value>0x3b41</value>
         <object_component_ref idref="oc-13b"/>
      </symbol>
      <symbol id="sm-193">
         <name>memcpy</name>
         <value>0x2ec9</value>
         <object_component_ref idref="oc-42"/>
      </symbol>
      <symbol id="sm-194">
         <name>__aeabi_memcpy</name>
         <value>0x2ec9</value>
         <object_component_ref idref="oc-42"/>
      </symbol>
      <symbol id="sm-195">
         <name>__aeabi_memcpy8</name>
         <value>0x2ec9</value>
         <object_component_ref idref="oc-42"/>
      </symbol>
      <symbol id="sm-196">
         <name>__aeabi_memcpy4</name>
         <value>0x2ec9</value>
         <object_component_ref idref="oc-42"/>
      </symbol>
      <symbol id="sm-1a5">
         <name>__aeabi_memset</name>
         <value>0x31a3</value>
         <object_component_ref idref="oc-4e"/>
      </symbol>
      <symbol id="sm-1a6">
         <name>memset</name>
         <value>0x31a9</value>
         <object_component_ref idref="oc-4e"/>
      </symbol>
      <symbol id="sm-1a7">
         <name>__aeabi_memset8</name>
         <value>0x31a3</value>
         <object_component_ref idref="oc-4e"/>
      </symbol>
      <symbol id="sm-1a8">
         <name>__aeabi_memset4</name>
         <value>0x31a3</value>
         <object_component_ref idref="oc-4e"/>
      </symbol>
      <symbol id="sm-1a9">
         <name>__aeabi_memclr8</name>
         <value>0x31a1</value>
         <object_component_ref idref="oc-4e"/>
      </symbol>
      <symbol id="sm-1aa">
         <name>__aeabi_memclr4</name>
         <value>0x31a1</value>
         <object_component_ref idref="oc-4e"/>
      </symbol>
      <symbol id="sm-1ab">
         <name>__aeabi_memclr</name>
         <value>0x31a1</value>
         <object_component_ref idref="oc-4e"/>
      </symbol>
      <symbol id="sm-1b5">
         <name>__mpu_init</name>
         <value>0x13ab</value>
         <object_component_ref idref="oc-5a"/>
      </symbol>
      <symbol id="sm-1bf">
         <name>_system_pre_init</name>
         <value>0x3dd9</value>
         <object_component_ref idref="oc-60"/>
      </symbol>
      <symbol id="sm-1dd">
         <name>printf</name>
         <value>0x3305</value>
         <object_component_ref idref="oc-14e"/>
      </symbol>
      <symbol id="sm-1f6">
         <name>sprintf</name>
         <value>0x3635</value>
         <object_component_ref idref="oc-145"/>
      </symbol>
      <symbol id="sm-1fe">
         <name>main_func_sp</name>
         <value>0x200013f4</value>
         <object_component_ref idref="oc-78"/>
      </symbol>
      <symbol id="sm-20d">
         <name>strcmp</name>
         <value>0x3cd9</value>
         <object_component_ref idref="oc-125"/>
      </symbol>
      <symbol id="sm-21b">
         <name>strcpy</name>
         <value>0x3d45</value>
         <object_component_ref idref="oc-11f"/>
      </symbol>
      <symbol id="sm-25a">
         <name>strtold</name>
         <value>0x1c79</value>
         <object_component_ref idref="oc-1b1"/>
      </symbol>
      <symbol id="sm-25b">
         <name>strtod</name>
         <value>0x1c79</value>
         <object_component_ref idref="oc-1b1"/>
      </symbol>
      <symbol id="sm-273">
         <name>strtok</name>
         <value>0x3a95</value>
         <object_component_ref idref="oc-119"/>
      </symbol>
      <symbol id="sm-28c">
         <name>_nop</name>
         <value>0x3d2b</value>
         <object_component_ref idref="oc-160"/>
      </symbol>
      <symbol id="sm-28d">
         <name>_lock</name>
         <value>0x200013e0</value>
         <object_component_ref idref="oc-b9"/>
      </symbol>
      <symbol id="sm-28e">
         <name>_unlock</name>
         <value>0x200013e4</value>
         <object_component_ref idref="oc-b9"/>
      </symbol>
      <symbol id="sm-28f">
         <name>_register_lock</name>
         <value>0x3d23</value>
         <object_component_ref idref="oc-160"/>
      </symbol>
      <symbol id="sm-290">
         <name>_register_unlock</name>
         <value>0x3d1d</value>
         <object_component_ref idref="oc-160"/>
      </symbol>
      <symbol id="sm-391">
         <name>__TI_printfi</name>
         <value>0xab1</value>
         <object_component_ref idref="oc-1bd"/>
      </symbol>
      <symbol id="sm-3a5">
         <name>_args_main</name>
         <value>0x3cc1</value>
         <object_component_ref idref="oc-6c"/>
      </symbol>
      <symbol id="sm-3bb">
         <name>atoi</name>
         <value>0x389d</value>
         <object_component_ref idref="oc-240"/>
      </symbol>
      <symbol id="sm-3e5">
         <name>__TI_auto_init</name>
         <value>0x321d</value>
         <object_component_ref idref="oc-66"/>
      </symbol>
      <symbol id="sm-3ff">
         <name>copy_in</name>
         <value>0x38e9</value>
         <object_component_ref idref="oc-a0"/>
      </symbol>
      <symbol id="sm-40a">
         <name>_ctypes_</name>
         <value>0x3de0</value>
         <object_component_ref idref="oc-20a"/>
      </symbol>
      <symbol id="sm-41f">
         <name>__TI_tmpnams</name>
         <value>0x2000151c</value>
      </symbol>
      <symbol id="sm-420">
         <name>__aeabi_stdout</name>
         <value>0x200013c0</value>
         <object_component_ref idref="oc-2c5"/>
      </symbol>
      <symbol id="sm-421">
         <name>__aeabi_stderr</name>
         <value>0x200013c4</value>
         <object_component_ref idref="oc-2c5"/>
      </symbol>
      <symbol id="sm-422">
         <name>__aeabi_stdin</name>
         <value>0x200013bc</value>
         <object_component_ref idref="oc-2c5"/>
      </symbol>
      <symbol id="sm-423">
         <name>_ftable</name>
         <value>0x20001200</value>
         <object_component_ref idref="oc-1d8"/>
      </symbol>
      <symbol id="sm-424">
         <name>__TI_ft_end</name>
         <value>0x200013b8</value>
         <object_component_ref idref="oc-2c5"/>
      </symbol>
      <symbol id="sm-42c">
         <name>errno</name>
         <value>0x200013e8</value>
         <object_component_ref idref="oc-210"/>
      </symbol>
      <symbol id="sm-44e">
         <name>__aeabi_cdcmpeq</name>
         <value>0x3095</value>
         <object_component_ref idref="oc-205"/>
      </symbol>
      <symbol id="sm-44f">
         <name>__aeabi_cdcmple</name>
         <value>0x3095</value>
         <object_component_ref idref="oc-205"/>
      </symbol>
      <symbol id="sm-450">
         <name>__aeabi_cdrcmple</name>
         <value>0x311b</value>
         <object_component_ref idref="oc-223"/>
      </symbol>
      <symbol id="sm-45b">
         <name>__aeabi_dmul</name>
         <value>0x28d1</value>
         <object_component_ref idref="oc-200"/>
      </symbol>
      <symbol id="sm-472">
         <name>putc</name>
         <value>0x2ffd</value>
         <object_component_ref idref="oc-1cc"/>
      </symbol>
      <symbol id="sm-473">
         <name>fputc</name>
         <value>0x2ffd</value>
         <object_component_ref idref="oc-1cc"/>
      </symbol>
      <symbol id="sm-474">
         <name>putchar</name>
         <value>0x3081</value>
         <object_component_ref idref="oc-1cc"/>
      </symbol>
      <symbol id="sm-496">
         <name>puts</name>
         <value>0x2665</value>
         <object_component_ref idref="oc-1d2"/>
      </symbol>
      <symbol id="sm-497">
         <name>fputs</name>
         <value>0x2559</value>
         <object_component_ref idref="oc-1d2"/>
      </symbol>
      <symbol id="sm-4a6">
         <name>ltoa</name>
         <value>0x3849</value>
         <object_component_ref idref="oc-228"/>
      </symbol>
      <symbol id="sm-4b6">
         <name>memccpy</name>
         <value>0x3ca5</value>
         <object_component_ref idref="oc-246"/>
      </symbol>
      <symbol id="sm-4c6">
         <name>memchr</name>
         <value>0x3c85</value>
         <object_component_ref idref="oc-273"/>
      </symbol>
      <symbol id="sm-4e1">
         <name>frexpl</name>
         <value>0x3571</value>
         <object_component_ref idref="oc-22e"/>
      </symbol>
      <symbol id="sm-4e2">
         <name>frexp</name>
         <value>0x3571</value>
         <object_component_ref idref="oc-22e"/>
      </symbol>
      <symbol id="sm-4ff">
         <name>scalbn</name>
         <value>0x29cd</value>
         <object_component_ref idref="oc-234"/>
      </symbol>
      <symbol id="sm-500">
         <name>scalbnl</name>
         <value>0x29cd</value>
         <object_component_ref idref="oc-234"/>
      </symbol>
      <symbol id="sm-501">
         <name>ldexpl</name>
         <value>0x29cd</value>
         <object_component_ref idref="oc-234"/>
      </symbol>
      <symbol id="sm-502">
         <name>ldexp</name>
         <value>0x29cd</value>
         <object_component_ref idref="oc-234"/>
      </symbol>
      <symbol id="sm-50c">
         <name>_system_post_cinit</name>
         <value>0x27bf</value>
         <object_component_ref idref="oc-a6"/>
      </symbol>
      <symbol id="sm-51c">
         <name>strchr</name>
         <value>0x3cf1</value>
         <object_component_ref idref="oc-23a"/>
      </symbol>
      <symbol id="sm-52d">
         <name>strcspn</name>
         <value>0x3c41</value>
         <object_component_ref idref="oc-1a2"/>
      </symbol>
      <symbol id="sm-53b">
         <name>strlen</name>
         <value>0x3d59</value>
         <object_component_ref idref="oc-21d"/>
      </symbol>
      <symbol id="sm-54d">
         <name>strspn</name>
         <value>0x3bc7</value>
         <object_component_ref idref="oc-19c"/>
      </symbol>
      <symbol id="sm-569">
         <name>__aeabi_uldivmod</name>
         <value>0x1eb5</value>
         <object_component_ref idref="oc-218"/>
      </symbol>
      <symbol id="sm-58f">
         <name>_stream</name>
         <value>0x20001368</value>
         <object_component_ref idref="oc-2ca"/>
      </symbol>
      <symbol id="sm-590">
         <name>_device</name>
         <value>0x200012f0</value>
         <object_component_ref idref="oc-309"/>
      </symbol>
      <symbol id="sm-591">
         <name>write</name>
         <value>0x3c19</value>
         <object_component_ref idref="oc-26b"/>
      </symbol>
      <symbol id="sm-5af">
         <name>__TI_wrt_ok</name>
         <value>0x2e1d</value>
         <object_component_ref idref="oc-25f"/>
      </symbol>
      <symbol id="sm-5b0">
         <name>__TI_rd_ok</name>
         <value>0x2e7f</value>
         <object_component_ref idref="oc-25f"/>
      </symbol>
      <symbol id="sm-5ca">
         <name>__TI_doflush</name>
         <value>0x2c99</value>
         <object_component_ref idref="oc-265"/>
      </symbol>
      <symbol id="sm-5cb">
         <name>fflush</name>
         <value>0x2ce5</value>
         <object_component_ref idref="oc-265"/>
      </symbol>
      <symbol id="sm-5dd">
         <name>fseek</name>
         <value>0x350d</value>
         <object_component_ref idref="oc-2b7"/>
      </symbol>
      <symbol id="sm-5ee">
         <name>HOSTclose</name>
         <value>0x3a0d</value>
         <object_component_ref idref="oc-33b"/>
      </symbol>
      <symbol id="sm-5ff">
         <name>HOSTlseek</name>
         <value>0x33d5</value>
         <object_component_ref idref="oc-34d"/>
      </symbol>
      <symbol id="sm-611">
         <name>parmbuf</name>
         <value>0x200015bc</value>
      </symbol>
      <symbol id="sm-612">
         <name>HOSTopen</name>
         <value>0x35d5</value>
         <object_component_ref idref="oc-335"/>
      </symbol>
      <symbol id="sm-623">
         <name>HOSTread</name>
         <value>0x36f1</value>
         <object_component_ref idref="oc-341"/>
      </symbol>
      <symbol id="sm-634">
         <name>HOSTrename</name>
         <value>0x343d</value>
         <object_component_ref idref="oc-359"/>
      </symbol>
      <symbol id="sm-645">
         <name>HOSTunlink</name>
         <value>0x3a51</value>
         <object_component_ref idref="oc-353"/>
      </symbol>
      <symbol id="sm-656">
         <name>HOSTwrite</name>
         <value>0x3749</value>
         <object_component_ref idref="oc-347"/>
      </symbol>
      <symbol id="sm-666">
         <name>lseek</name>
         <value>0x3bf1</value>
         <object_component_ref idref="oc-2e8"/>
      </symbol>
      <symbol id="sm-670">
         <name>copysign</name>
         <value>0x3d31</value>
         <object_component_ref idref="oc-2a2"/>
      </symbol>
      <symbol id="sm-671">
         <name>copysignl</name>
         <value>0x3d31</value>
         <object_component_ref idref="oc-2a2"/>
      </symbol>
      <symbol id="sm-68d">
         <name>setvbuf</name>
         <value>0x2bbd</value>
         <object_component_ref idref="oc-2bd"/>
      </symbol>
      <symbol id="sm-6a8">
         <name>__TI_readmsg</name>
         <value>0x34d7</value>
         <object_component_ref idref="oc-37f"/>
      </symbol>
      <symbol id="sm-6a9">
         <name>C$$IO$$</name>
         <value>0x34d3</value>
         <object_component_ref idref="oc-37f"/>
      </symbol>
      <symbol id="sm-6aa">
         <name>__CIOBUF_</name>
         <value>0x200013fc</value>
         <object_component_ref idref="oc-3a5"/>
      </symbol>
      <symbol id="sm-6ab">
         <name>__TI_writemsg</name>
         <value>0x34a5</value>
         <object_component_ref idref="oc-37f"/>
      </symbol>
      <symbol id="sm-6e2">
         <name>__TI_cleanup</name>
         <value>0x2171</value>
         <object_component_ref idref="oc-2f6"/>
      </symbol>
      <symbol id="sm-6e3">
         <name>freopen</name>
         <value>0x219d</value>
         <object_component_ref idref="oc-2f6"/>
      </symbol>
      <symbol id="sm-6e4">
         <name>fopen</name>
         <value>0x21c7</value>
         <object_component_ref idref="oc-2f6"/>
      </symbol>
      <symbol id="sm-756">
         <name>_sys_memory</name>
         <value>0x20000000</value>
         <object_component_ref idref="oc-2b"/>
      </symbol>
      <symbol id="sm-757">
         <name>free</name>
         <value>0x1993</value>
         <object_component_ref idref="oc-2f0"/>
      </symbol>
      <symbol id="sm-758">
         <name>realloc</name>
         <value>0x1a53</value>
         <object_component_ref idref="oc-2f0"/>
      </symbol>
      <symbol id="sm-759">
         <name>memalign</name>
         <value>0x1b5d</value>
         <object_component_ref idref="oc-2f0"/>
      </symbol>
      <symbol id="sm-75a">
         <name>calloc</name>
         <value>0x1c49</value>
         <object_component_ref idref="oc-2f0"/>
      </symbol>
      <symbol id="sm-75b">
         <name>malloc</name>
         <value>0x1929</value>
         <object_component_ref idref="oc-2f0"/>
      </symbol>
      <symbol id="sm-75c">
         <name>minit</name>
         <value>0x18a9</value>
         <object_component_ref idref="oc-2f0"/>
      </symbol>
      <symbol id="sm-779">
         <name>open</name>
         <value>0x2d61</value>
         <object_component_ref idref="oc-324"/>
      </symbol>
      <symbol id="sm-78f">
         <name>__TI_closefile</name>
         <value>0x2f65</value>
         <object_component_ref idref="oc-32a"/>
      </symbol>
      <symbol id="sm-790">
         <name>fclose</name>
         <value>0x2fcb</value>
         <object_component_ref idref="oc-32a"/>
      </symbol>
      <symbol id="sm-7aa">
         <name>finddevice</name>
         <value>0x328d</value>
         <object_component_ref idref="oc-365"/>
      </symbol>
      <symbol id="sm-7ab">
         <name>getdevice</name>
         <value>0x32b7</value>
         <object_component_ref idref="oc-365"/>
      </symbol>
      <symbol id="sm-7bc">
         <name>strncpy</name>
         <value>0x3ad5</value>
         <object_component_ref idref="oc-395"/>
      </symbol>
      <symbol id="sm-7cc">
         <name>unlink</name>
         <value>0x3b71</value>
         <object_component_ref idref="oc-374"/>
      </symbol>
      <symbol id="sm-7e0">
         <name>close</name>
         <value>0x3695</value>
         <object_component_ref idref="oc-36e"/>
      </symbol>
      <symbol id="sm-812">
         <name>GPIOPinConfigure</name>
         <value>0x3935</value>
         <object_component_ref idref="oc-ef"/>
      </symbol>
      <symbol id="sm-813">
         <name>GPIOPinTypeUART</name>
         <value>0x3d6d</value>
         <object_component_ref idref="oc-f5"/>
      </symbol>
      <symbol id="sm-814">
         <name>GPIODirModeSet</name>
         <value>0x3b9d</value>
         <object_component_ref idref="oc-180"/>
      </symbol>
      <symbol id="sm-815">
         <name>GPIOPadConfigSet</name>
         <value>0x268d</value>
         <object_component_ref idref="oc-186"/>
      </symbol>
      <symbol id="sm-868">
         <name>SysCtlClockSet</name>
         <value>0x2ac9</value>
         <object_component_ref idref="oc-e3"/>
      </symbol>
      <symbol id="sm-869">
         <name>SysCtlDelay</name>
         <value>0x3dd3</value>
         <object_component_ref idref="oc-154"/>
      </symbol>
      <symbol id="sm-86a">
         <name>SysCtlPeripheralEnable</name>
         <value>0x3b0d</value>
         <object_component_ref idref="oc-e9"/>
      </symbol>
      <symbol id="sm-86b">
         <name>SysCtlClockGet</name>
         <value>0x27c1</value>
         <object_component_ref idref="oc-fb"/>
      </symbol>
      <symbol id="sm-89c">
         <name>UARTConfigSetExpClk</name>
         <value>0x39c5</value>
         <object_component_ref idref="oc-101"/>
      </symbol>
      <symbol id="sm-89d">
         <name>UARTDisable</name>
         <value>0x3c65</value>
         <object_component_ref idref="oc-191"/>
      </symbol>
      <symbol id="sm-89e">
         <name>UARTCharsAvail</name>
         <value>0x3d9f</value>
         <object_component_ref idref="oc-10d"/>
      </symbol>
      <symbol id="sm-89f">
         <name>UARTCharGetNonBlocking</name>
         <value>0x3d91</value>
         <object_component_ref idref="oc-113"/>
      </symbol>
      <symbol id="sm-8a0">
         <name>UARTEnable</name>
         <value>0x3d07</value>
         <object_component_ref idref="oc-107"/>
      </symbol>
      <symbol id="sm-8a2">
         <name>__TI_static_base__</name>
         <value>0x0</value>
      </symbol>
      <symbol id="sm-8a5">
         <name>SHT$$INIT_ARRAY$$Limit</name>
         <value>0x0</value>
      </symbol>
      <symbol id="sm-8a6">
         <name>SHT$$INIT_ARRAY$$Base</name>
         <value>0x0</value>
      </symbol>
      <symbol id="sm-8a7">
         <name>remove</name>
         <value>0x3b71</value>
      </symbol>
   </symbol_table>
   <title>Link successful</title>
</link_info>
