******************************************************************************
                  TI ARM Linker PC v16.9.6                     
******************************************************************************
>> Linked Tue Jun 26 21:53:36 2018

OUTPUT FILE NAME:   <gpsDeneme.out>
ENTRY POINT SYMBOL: "_c_int00"  address: 000037a1


MEMORY CONFIGURATION

         name            origin    length      used     unused   attr    fill
----------------------  --------  ---------  --------  --------  ----  --------
  FLASH                 00000000   00040000  00004110  0003bef0  R  X
  SRAM                  20000000   00008000  000015c4  00006a3c  RW X


SEGMENT ALLOCATION MAP

run origin  load origin   length   init length attrs members
----------  ----------- ---------- ----------- ----- -------
00000000    00000000    00004118   00004118    r-x
  00000000    00000000    0000026c   0000026c    r-- .intvecs
  0000026c    0000026c    00003b70   00003b70    r-x .text
  00003de0    00003de0    0000029c   0000029c    r-- .const
  00004080    00004080    00000098   00000098    r-- .cinit
20000000    20000000    000015c4   00000000    rw-
  20000000    20000000    00001000   00000000    rw- .sysmem
  20001000    20001000    00000200   00000000    rw- .stack
  20001200    20001200    000001fc   00000000    rw- .data
  200013fc    200013fc    000001c8   00000000    rw- .bss


SECTION ALLOCATION MAP

 output                                  attributes/
section   page    origin      length       input sections
--------  ----  ----------  ----------   ----------------
.intvecs   0    00000000    0000026c     
                  00000000    0000026c     tm4c123gh6pm_startup_ccs.obj (.intvecs)

.text      0    0000026c    00003b70     
                  0000026c    0000113e     rtsv7M4_T_le_v4SPD16_eabi.lib : _printfi.obj (.text)
                  000013aa    00000002                                   : mpu_init.obj (.text)
                  000013ac    000004fc     main.obj (.text)
                  000018a8    000003d0     rtsv7M4_T_le_v4SPD16_eabi.lib : memory.obj (.text)
                  00001c78    0000023c                                   : strtod.obj (.text)
                  00001eb4    000001f4                                   : ull_div_t2.obj (.text)
                  000020a8    000001c4                                   : fopen.obj (.text)
                  0000226c    000001b6                                   : fd_add_t2.obj (.text)
                  00002422    00000136                                   : fd_div_t2.obj (.text)
                  00002558    00000134                                   : fputs.obj (.text)
                  0000268c    00000132     driverlib.lib : gpio.obj (.text:GPIOPadConfigSet)
                  000027be    00000002     rtsv7M4_T_le_v4SPD16_eabi.lib : startup.obj (.text)
                  000027c0    00000110     driverlib.lib : sysctl.obj (.text:SysCtlClockGet)
                  000028d0    000000fc     rtsv7M4_T_le_v4SPD16_eabi.lib : fd_mul_t2.obj (.text)
                  000029cc    000000fc                                   : s_scalbn.obj (.text)
                  00002ac8    000000f4     driverlib.lib : sysctl.obj (.text:SysCtlClockSet)
                  00002bbc    000000dc     rtsv7M4_T_le_v4SPD16_eabi.lib : setvbuf.obj (.text)
                  00002c98    000000c8                                   : fflush.obj (.text)
                  00002d60    000000bc                                   : open.obj (.text)
                  00002e1c    000000ac                                   : _io_perm.obj (.text)
                  00002ec8    0000009c                                   : memcpy_t2.obj (.text)
                  00002f64    00000098                                   : fclose.obj (.text)
                  00002ffc    00000098                                   : fputc.obj (.text)
                  00003094    00000086                                   : fd_cmp_t2.obj (.text:__aeabi_cdcmple)
                  0000311a    00000086                                   : fd_cmp_t2.obj (.text:__aeabi_cdrcmple)
                  000031a0    0000007a                                   : memset_t2.obj (.text)
                  0000321a    00000002     --HOLE-- [fill = 0]
                  0000321c    00000070                                   : autoinit.obj (.text)
                  0000328c    00000070                                   : getdevice.obj (.text)
                  000032fc    00000070                                   : printf.obj (.text)
                  0000336c    00000068                                   : copy_decompress_lzss.obj (.text:decompress:lzss)
                  000033d4    00000068                                   : hostlseek.obj (.text)
                  0000343c    00000068                                   : hostrename.obj (.text)
                  000034a4    00000068                                   : trgmsg.obj (.text)
                  0000350c    00000064                                   : fseek.obj (.text)
                  00003570    00000064                                   : s_frexp.obj (.text)
                  000035d4    00000060                                   : hostopen.obj (.text)
                  00003634    00000060                                   : sprintf.obj (.text)
                  00003694    0000005c                                   : close.obj (.text)
                  000036f0    00000058                                   : hostread.obj (.text)
                  00003748    00000058                                   : hostwrite.obj (.text)
                  000037a0    00000054                                   : boot.obj (.text)
                  000037f4    00000054                                   : exit.obj (.text)
                  00003848    00000054                                   : ltoa.obj (.text)
                  0000389c    0000004c                                   : atoi.obj (.text)
                  000038e8    0000004c                                   : cpy_tbl.obj (.text)
                  00003934    00000048     driverlib.lib : gpio.obj (.text:GPIOPinConfigure)
                  0000397c    00000048     rtsv7M4_T_le_v4SPD16_eabi.lib : fd_toi_t2.obj (.text)
                  000039c4    00000046     driverlib.lib : uart.obj (.text:UARTConfigSetExpClk)
                  00003a0a    00000002     --HOLE-- [fill = 0]
                  00003a0c    00000044     rtsv7M4_T_le_v4SPD16_eabi.lib : hostclose.obj (.text)
                  00003a50    00000044                                   : hostunlink.obj (.text)
                  00003a94    00000040                                   : strtok.obj (.text)
                  00003ad4    00000036                                   : strncpy.obj (.text)
                  00003b0a    00000002     --HOLE-- [fill = 0]
                  00003b0c    00000034     driverlib.lib : sysctl.obj (.text:SysCtlPeripheralEnable)
                  00003b40    0000002e     rtsv7M4_T_le_v4SPD16_eabi.lib : i_tofd_t2.obj (.text)
                  00003b6e    00000002     --HOLE-- [fill = 0]
                  00003b70    0000002c                                   : unlink.obj (.text)
                  00003b9c    0000002a     driverlib.lib : gpio.obj (.text:GPIODirModeSet)
                  00003bc6    0000002a     rtsv7M4_T_le_v4SPD16_eabi.lib : strspn.obj (.text)
                  00003bf0    00000028                                   : lseek.obj (.text)
                  00003c18    00000028                                   : write.obj (.text)
                  00003c40    00000024                                   : strcspn.obj (.text)
                  00003c64    00000020     driverlib.lib : uart.obj (.text:UARTDisable)
                  00003c84    00000020     rtsv7M4_T_le_v4SPD16_eabi.lib : memchr.obj (.text)
                  00003ca4    0000001c                                   : memccpy.obj (.text)
                  00003cc0    00000018                                   : args_main.obj (.text)
                  00003cd8    00000018                                   : strcmp.obj (.text)
                  00003cf0    00000016                                   : strchr.obj (.text)
                  00003d06    00000014     driverlib.lib : uart.obj (.text:UARTEnable)
                  00003d1a    00000002     --HOLE-- [fill = 0]
                  00003d1c    00000014     rtsv7M4_T_le_v4SPD16_eabi.lib : _lock.obj (.text)
                  00003d30    00000014                                   : s_copysign.obj (.text)
                  00003d44    00000014                                   : strcpy.obj (.text)
                  00003d58    00000014                                   : strlen.obj (.text)
                  00003d6c    00000012     driverlib.lib : gpio.obj (.text:GPIOPinTypeUART)
                  00003d7e    00000012     rtsv7M4_T_le_v4SPD16_eabi.lib : atof.obj (.text)
                  00003d90    0000000e     driverlib.lib : uart.obj (.text:UARTCharGetNonBlocking)
                  00003d9e    0000000e                   : uart.obj (.text:UARTCharsAvail)
                  00003dac    0000000e     rtsv7M4_T_le_v4SPD16_eabi.lib : copy_decompress_none.obj (.text:decompress:none)
                  00003dba    0000000c                                   : copy_zero_init.obj (.text:decompress:ZI)
                  00003dc6    0000000c     tm4c123gh6pm_startup_ccs.obj (.text)
                  00003dd2    00000006     driverlib.lib : sysctl.obj (.text:SysCtlDelay)
                  00003dd8    00000004     rtsv7M4_T_le_v4SPD16_eabi.lib : pre_init.obj (.text)

.const     0    00003de0    0000029c     
                  00003de0    00000101     rtsv7M4_T_le_v4SPD16_eabi.lib : ctype.obj (.const:.string:_ctypes_)
                  00003ee1    00000002     main.obj (.const:.string:$P$T0$1)
                  00003ee3    00000005     --HOLE-- [fill = 0]
                  00003ee8    00000098     rtsv7M4_T_le_v4SPD16_eabi.lib : strtod.obj (.const:$O1$$)
                  00003f80    00000090     driverlib.lib : gpio.obj (.const:g_pui32GPIOBaseAddrs)
                  00004010    0000006c                   : sysctl.obj (.const:g_pui32Xtals)

.cinit     0    00004080    00000098     
                  00004080    0000006e     (.cinit..data.load) [load image, compression = lzss]
                  000040ee    00000002     --HOLE-- [fill = 0]
                  000040f0    0000000c     (__TI_handler_table)
                  000040fc    00000004     --HOLE-- [fill = 0]
                  00004100    00000008     (.cinit..bss.load) [load image, compression = zero_init]
                  00004108    00000010     (__TI_cinit_table)

.init_array 
*          0    00000000    00000000     UNINITIALIZED

.sysmem    0    20000000    00001000     UNINITIALIZED
                  20000000    00000008     rtsv7M4_T_le_v4SPD16_eabi.lib : memory.obj (.sysmem)
                  20000008    00000ff8     --HOLE--

.stack     0    20001000    00000200     UNINITIALIZED
                  20001000    00000200     --HOLE--

.data      0    20001200    000001fc     UNINITIALIZED
                  20001200    000000f0     rtsv7M4_T_le_v4SPD16_eabi.lib : defs.obj (.data:_ftable)
                  200012f0    00000078                                   : write.obj (.data:_device)
                  20001368    00000050                                   : write.obj (.data:_stream)
                  200013b8    00000010                                   : defs.obj (.data)
                  200013c8    0000000c                                   : exit.obj (.data:$O1$$)
                  200013d4    0000000c                                   : memory.obj (.data:$O1$$)
                  200013e0    00000008                                   : _lock.obj (.data:$O1$$)
                  200013e8    00000004                                   : errno.obj (.data)
                  200013ec    00000004                                   : fopen.obj (.data)
                  200013f0    00000004                                   : open.obj (.data)
                  200013f4    00000004                                   : stkdepth_vars.obj (.data)
                  200013f8    00000004                                   : strtok.obj (.data)

.bss       0    200013fc    000001c8     UNINITIALIZED
                  200013fc    00000120     rtsv7M4_T_le_v4SPD16_eabi.lib : trgmsg.obj (.bss:_CIOBUF_)
                  2000151c    000000a0     (.common:__TI_tmpnams)
                  200015bc    00000008     (.common:parmbuf)

MODULE SUMMARY

       Module                         code    ro data   rw data
       ------                         ----    -------   -------
    .\
       main.obj                       1276    2         0      
       tm4c123gh6pm_startup_ccs.obj   12      620       0      
    +--+------------------------------+-------+---------+---------+
       Total:                         1288    622       0      
                                                               
    C:/ti/TivaWare_C_Series-2.1.4.178/driverlib/ccs/Debug/driverlib.lib
       sysctl.obj                     574     108       0      
       gpio.obj                       438     144       0      
       uart.obj                       150     0         0      
    +--+------------------------------+-------+---------+---------+
       Total:                         1162    252       0      
                                                               
    C:\ti\ccsv7\tools\compiler\ti-cgt-arm_16.9.6.LTS\lib\rtsv7M4_T_le_v4SPD16_eabi.lib
       _printfi.obj                   4414    0         0      
       memory.obj                     976     0         12     
       strtod.obj                     572     152       0      
       ull_div_t2.obj                 500     0         0      
       fopen.obj                      452     0         4      
       fd_add_t2.obj                  438     0         0      
       defs.obj                       0       0         416    
       trgmsg.obj                     104     0         288    
       fd_div_t2.obj                  310     0         0      
       fputs.obj                      308     0         0      
       fd_cmp_t2.obj                  268     0         0      
       ctype.obj                      0       257       0      
       fd_mul_t2.obj                  252     0         0      
       s_scalbn.obj                   252     0         0      
       write.obj                      40      0         200    
       setvbuf.obj                    220     0         0      
       fflush.obj                     200     0         0      
       open.obj                       188     0         4      
       _io_perm.obj                   172     0         0      
       memcpy_t2.obj                  156     0         0      
       fclose.obj                     152     0         0      
       fputc.obj                      152     0         0      
       memset_t2.obj                  122     0         0      
       autoinit.obj                   112     0         0      
       getdevice.obj                  112     0         0      
       printf.obj                     112     0         0      
       copy_decompress_lzss.obj       104     0         0      
       hostlseek.obj                  104     0         0      
       hostopen.obj                   96      0         8      
       hostrename.obj                 104     0         0      
       fseek.obj                      100     0         0      
       s_frexp.obj                    100     0         0      
       exit.obj                       84      0         12     
       sprintf.obj                    96      0         0      
       close.obj                      92      0         0      
       hostread.obj                   88      0         0      
       hostwrite.obj                  88      0         0      
       boot.obj                       84      0         0      
       ltoa.obj                       84      0         0      
       atoi.obj                       76      0         0      
       cpy_tbl.obj                    76      0         0      
       fd_toi_t2.obj                  72      0         0      
       hostclose.obj                  68      0         0      
       hostunlink.obj                 68      0         0      
       strtok.obj                     64      0         4      
       strncpy.obj                    54      0         0      
       i_tofd_t2.obj                  46      0         0      
       unlink.obj                     44      0         0      
       strspn.obj                     42      0         0      
       lseek.obj                      40      0         0      
       strcspn.obj                    36      0         0      
       memchr.obj                     32      0         0      
       _lock.obj                      20      0         8      
       memccpy.obj                    28      0         0      
       args_main.obj                  24      0         0      
       strcmp.obj                     24      0         0      
       strchr.obj                     22      0         0      
       s_copysign.obj                 20      0         0      
       strcpy.obj                     20      0         0      
       strlen.obj                     20      0         0      
       atof.obj                       18      0         0      
       copy_decompress_none.obj       14      0         0      
       copy_zero_init.obj             12      0         0      
       errno.obj                      0       0         4      
       pre_init.obj                   4       0         0      
       stkdepth_vars.obj              0       0         4      
       mpu_init.obj                   2       0         0      
       startup.obj                    2       0         0      
    +--+------------------------------+-------+---------+---------+
       Total:                         12756   409       964    
                                                               
       Heap:                          0       0         4096   
       Stack:                         0       0         512    
       Linker Generated:              0       146       0      
    +--+------------------------------+-------+---------+---------+
       Grand Total:                   15206   1429      5572   


LINKER GENERATED COPY TABLES

__TI_cinit_table @ 00004108 records: 2, size/record: 8, table size: 16
	.data: load addr=00004080, load size=0000006e bytes, run addr=20001200, run size=000001fc bytes, compression=lzss
	.bss: load addr=00004100, load size=00000008 bytes, run addr=200013fc, run size=000001c8 bytes, compression=zero_init


LINKER GENERATED HANDLER TABLE

__TI_handler_table @ 000040f0 records: 3, size/record: 4, table size: 12
	index: 0, handler: __TI_decompress_lzss
	index: 1, handler: __TI_decompress_none
	index: 2, handler: __TI_zero_init


GLOBAL SYMBOLS: SORTED ALPHABETICALLY BY Name 

address   name                           
-------   ----                           
000037f5  C$$EXIT                        
000034d3  C$$IO$$                        
00003b9d  GPIODirModeSet                 
0000268d  GPIOPadConfigSet               
00003935  GPIOPinConfigure               
00003d6d  GPIOPinTypeUART                
00003a0d  HOSTclose                      
000033d5  HOSTlseek                      
000035d5  HOSTopen                       
000036f1  HOSTread                       
0000343d  HOSTrename                     
00003a51  HOSTunlink                     
00003749  HOSTwrite                      
00003dc7  ResetISR                       
UNDEFED   SHT$$INIT_ARRAY$$Base          
UNDEFED   SHT$$INIT_ARRAY$$Limit         
000027c1  SysCtlClockGet                 
00002ac9  SysCtlClockSet                 
00003dd3  SysCtlDelay                    
00003b0d  SysCtlPeripheralEnable         
00003d91  UARTCharGetNonBlocking         
00003d9f  UARTCharsAvail                 
000039c5  UARTConfigSetExpClk            
00003c65  UARTDisable                    
00003d07  UARTEnable                     
200013fc  __CIOBUF_                      
20001200  __STACK_END                    
00000200  __STACK_SIZE                   
20001200  __STACK_TOP                    
00001000  __SYSMEM_SIZE                  
00004108  __TI_CINIT_Base                
00004118  __TI_CINIT_Limit               
000040f0  __TI_Handler_Table_Base        
000040fc  __TI_Handler_Table_Limit       
0000321d  __TI_auto_init                 
00002171  __TI_cleanup                   
200013c8  __TI_cleanup_ptr               
00002f65  __TI_closefile                 
0000336d  __TI_decompress_lzss           
00003dad  __TI_decompress_none           
00002c99  __TI_doflush                   
200013cc  __TI_dtors_ptr                 
200013d0  __TI_enable_exit_profile_output
200013b8  __TI_ft_end                    
ffffffff  __TI_pprof_out_hndl            
00000ab1  __TI_printfi                   
ffffffff  __TI_prof_data_size            
ffffffff  __TI_prof_data_start           
00002e7f  __TI_rd_ok                     
000034d7  __TI_readmsg                   
00000000  __TI_static_base__             
2000151c  __TI_tmpnams                   
000034a5  __TI_writemsg                  
00002e1d  __TI_wrt_ok                    
00003dbb  __TI_zero_init                 
00003095  __aeabi_cdcmpeq                
00003095  __aeabi_cdcmple                
0000311b  __aeabi_cdrcmple               
0000397d  __aeabi_d2iz                   
00002277  __aeabi_dadd                   
00002423  __aeabi_ddiv                   
000028d1  __aeabi_dmul                   
0000226d  __aeabi_dsub                   
00003b41  __aeabi_i2d                    
000031a1  __aeabi_memclr                 
000031a1  __aeabi_memclr4                
000031a1  __aeabi_memclr8                
00002ec9  __aeabi_memcpy                 
00002ec9  __aeabi_memcpy4                
00002ec9  __aeabi_memcpy8                
000031a3  __aeabi_memset                 
000031a3  __aeabi_memset4                
000031a3  __aeabi_memset8                
200013c4  __aeabi_stderr                 
200013bc  __aeabi_stdin                  
200013c0  __aeabi_stdout                 
00001eb5  __aeabi_uldivmod               
ffffffff  __binit__                      
ffffffff  __c_args__                     
000013ab  __mpu_init                     
20001000  __stack                        
00003cc1  _args_main                     
000037a1  _c_int00                       
00003de0  _ctypes_                       
200012f0  _device                        
20001200  _ftable                        
200013e0  _lock                          
00003d2b  _nop                           
00003d23  _register_lock                 
00003d1d  _register_unlock               
20001368  _stream                        
20000000  _sys_memory                    
000027bf  _system_post_cinit             
00003dd9  _system_pre_init               
200013e4  _unlock                        
000037f9  abort                          
00003d7f  atof                           
0000389d  atoi                           
ffffffff  binit                          
00001c49  calloc                         
00003695  close                          
000038e9  copy_in                        
00003d31  copysign                       
00003d31  copysignl                      
200013e8  errno                          
00003801  exit                           
00002fcb  fclose                         
00002ce5  fflush                         
0000328d  finddevice                     
000021c7  fopen                          
00002ffd  fputc                          
00002559  fputs                          
00001993  free                           
0000219d  freopen                        
00003571  frexp                          
00003571  frexpl                         
0000350d  fseek                          
00000000  g_pfnVectors                   
000032b7  getdevice                      
000029cd  ldexp                          
000029cd  ldexpl                         
00003bf1  lseek                          
00003849  ltoa                           
000013ad  main                           
200013f4  main_func_sp                   
00001929  malloc                         
00001b5d  memalign                       
00003ca5  memccpy                        
00003c85  memchr                         
00002ec9  memcpy                         
000031a9  memset                         
000018a9  minit                          
00002d61  open                           
200015bc  parmbuf                        
00003305  printf                         
00002ffd  putc                           
00003081  putchar                        
00002665  puts                           
0000140d  readGPSModule                  
00001a53  realloc                        
00003b71  remove                         
000017a1  saatAyarla                     
000029cd  scalbn                         
000029cd  scalbnl                        
00002bbd  setvbuf                        
00003635  sprintf                        
00003cf1  strchr                         
00003cd9  strcmp                         
00003d45  strcpy                         
00003c41  strcspn                        
00003d59  strlen                         
00003ad5  strncpy                        
00003bc7  strspn                         
00001c79  strtod                         
00003a95  strtok                         
00001c79  strtold                        
00003b71  unlink                         
00003c19  write                          


GLOBAL SYMBOLS: SORTED BY Symbol Address 

address   name                           
-------   ----                           
00000000  __TI_static_base__             
00000000  g_pfnVectors                   
00000200  __STACK_SIZE                   
00000ab1  __TI_printfi                   
00001000  __SYSMEM_SIZE                  
000013ab  __mpu_init                     
000013ad  main                           
0000140d  readGPSModule                  
000017a1  saatAyarla                     
000018a9  minit                          
00001929  malloc                         
00001993  free                           
00001a53  realloc                        
00001b5d  memalign                       
00001c49  calloc                         
00001c79  strtod                         
00001c79  strtold                        
00001eb5  __aeabi_uldivmod               
00002171  __TI_cleanup                   
0000219d  freopen                        
000021c7  fopen                          
0000226d  __aeabi_dsub                   
00002277  __aeabi_dadd                   
00002423  __aeabi_ddiv                   
00002559  fputs                          
00002665  puts                           
0000268d  GPIOPadConfigSet               
000027bf  _system_post_cinit             
000027c1  SysCtlClockGet                 
000028d1  __aeabi_dmul                   
000029cd  ldexp                          
000029cd  ldexpl                         
000029cd  scalbn                         
000029cd  scalbnl                        
00002ac9  SysCtlClockSet                 
00002bbd  setvbuf                        
00002c99  __TI_doflush                   
00002ce5  fflush                         
00002d61  open                           
00002e1d  __TI_wrt_ok                    
00002e7f  __TI_rd_ok                     
00002ec9  __aeabi_memcpy                 
00002ec9  __aeabi_memcpy4                
00002ec9  __aeabi_memcpy8                
00002ec9  memcpy                         
00002f65  __TI_closefile                 
00002fcb  fclose                         
00002ffd  fputc                          
00002ffd  putc                           
00003081  putchar                        
00003095  __aeabi_cdcmpeq                
00003095  __aeabi_cdcmple                
0000311b  __aeabi_cdrcmple               
000031a1  __aeabi_memclr                 
000031a1  __aeabi_memclr4                
000031a1  __aeabi_memclr8                
000031a3  __aeabi_memset                 
000031a3  __aeabi_memset4                
000031a3  __aeabi_memset8                
000031a9  memset                         
0000321d  __TI_auto_init                 
0000328d  finddevice                     
000032b7  getdevice                      
00003305  printf                         
0000336d  __TI_decompress_lzss           
000033d5  HOSTlseek                      
0000343d  HOSTrename                     
000034a5  __TI_writemsg                  
000034d3  C$$IO$$                        
000034d7  __TI_readmsg                   
0000350d  fseek                          
00003571  frexp                          
00003571  frexpl                         
000035d5  HOSTopen                       
00003635  sprintf                        
00003695  close                          
000036f1  HOSTread                       
00003749  HOSTwrite                      
000037a1  _c_int00                       
000037f5  C$$EXIT                        
000037f9  abort                          
00003801  exit                           
00003849  ltoa                           
0000389d  atoi                           
000038e9  copy_in                        
00003935  GPIOPinConfigure               
0000397d  __aeabi_d2iz                   
000039c5  UARTConfigSetExpClk            
00003a0d  HOSTclose                      
00003a51  HOSTunlink                     
00003a95  strtok                         
00003ad5  strncpy                        
00003b0d  SysCtlPeripheralEnable         
00003b41  __aeabi_i2d                    
00003b71  remove                         
00003b71  unlink                         
00003b9d  GPIODirModeSet                 
00003bc7  strspn                         
00003bf1  lseek                          
00003c19  write                          
00003c41  strcspn                        
00003c65  UARTDisable                    
00003c85  memchr                         
00003ca5  memccpy                        
00003cc1  _args_main                     
00003cd9  strcmp                         
00003cf1  strchr                         
00003d07  UARTEnable                     
00003d1d  _register_unlock               
00003d23  _register_lock                 
00003d2b  _nop                           
00003d31  copysign                       
00003d31  copysignl                      
00003d45  strcpy                         
00003d59  strlen                         
00003d6d  GPIOPinTypeUART                
00003d7f  atof                           
00003d91  UARTCharGetNonBlocking         
00003d9f  UARTCharsAvail                 
00003dad  __TI_decompress_none           
00003dbb  __TI_zero_init                 
00003dc7  ResetISR                       
00003dd3  SysCtlDelay                    
00003dd9  _system_pre_init               
00003de0  _ctypes_                       
000040f0  __TI_Handler_Table_Base        
000040fc  __TI_Handler_Table_Limit       
00004108  __TI_CINIT_Base                
00004118  __TI_CINIT_Limit               
20000000  _sys_memory                    
20001000  __stack                        
20001200  __STACK_END                    
20001200  __STACK_TOP                    
20001200  _ftable                        
200012f0  _device                        
20001368  _stream                        
200013b8  __TI_ft_end                    
200013bc  __aeabi_stdin                  
200013c0  __aeabi_stdout                 
200013c4  __aeabi_stderr                 
200013c8  __TI_cleanup_ptr               
200013cc  __TI_dtors_ptr                 
200013d0  __TI_enable_exit_profile_output
200013e0  _lock                          
200013e4  _unlock                        
200013e8  errno                          
200013f4  main_func_sp                   
200013fc  __CIOBUF_                      
2000151c  __TI_tmpnams                   
200015bc  parmbuf                        
ffffffff  __TI_pprof_out_hndl            
ffffffff  __TI_prof_data_size            
ffffffff  __TI_prof_data_start           
ffffffff  __binit__                      
ffffffff  __c_args__                     
ffffffff  binit                          
UNDEFED   SHT$$INIT_ARRAY$$Base          
UNDEFED   SHT$$INIT_ARRAY$$Limit         

[158 symbols]
